<testsuites id="" name="" tests="115" failures="115" skipped="0" errors="0" time="24.691326999999998">
<testsuite name="homepage.spec.ts" timestamp="2025-10-06T23:04:29.967Z" hostname="chromium" tests="4" failures="4" skipped="0" time="0.008" errors="0">
<testcase name="Homepage › should load the homepage successfully" classname="homepage.spec.ts" time="0.002">
<failure message="homepage.spec.ts:4:3 should load the homepage successfully" type="FAILURE">
<![CDATA[  [chromium] › homepage.spec.ts:4:3 › Homepage › should load the homepage successfully ─────────────

    Error: browserType.launch: Executable doesn't exist at /home/ubuntu/.cache/ms-playwright/chromium_headless_shell-1187/chrome-linux/headless_shell
    ╔═════════════════════════════════════════════════════════════════════════╗
    ║ Looks like Playwright Test or Playwright was just installed or updated. ║
    ║ Please run the following command to download new browsers:              ║
    ║                                                                         ║
    ║     npx playwright install                                              ║
    ║                                                                         ║
    ║ <3 Playwright Team                                                      ║
    ╚═════════════════════════════════════════════════════════════════════════╝
]]>
</failure>
</testcase>
<testcase name="Homepage › should navigate to host meeting page" classname="homepage.spec.ts" time="0.002">
<failure message="homepage.spec.ts:14:3 should navigate to host meeting page" type="FAILURE">
<![CDATA[  [chromium] › homepage.spec.ts:14:3 › Homepage › should navigate to host meeting page ─────────────

    Error: browserType.launch: Executable doesn't exist at /home/ubuntu/.cache/ms-playwright/chromium_headless_shell-1187/chrome-linux/headless_shell
    ╔═════════════════════════════════════════════════════════════════════════╗
    ║ Looks like Playwright Test or Playwright was just installed or updated. ║
    ║ Please run the following command to download new browsers:              ║
    ║                                                                         ║
    ║     npx playwright install                                              ║
    ║                                                                         ║
    ║ <3 Playwright Team                                                      ║
    ╚═════════════════════════════════════════════════════════════════════════╝
]]>
</failure>
</testcase>
<testcase name="Homepage › should navigate to join meeting page" classname="homepage.spec.ts" time="0.002">
<failure message="homepage.spec.ts:25:3 should navigate to join meeting page" type="FAILURE">
<![CDATA[  [chromium] › homepage.spec.ts:25:3 › Homepage › should navigate to join meeting page ─────────────

    Error: browserType.launch: Executable doesn't exist at /home/ubuntu/.cache/ms-playwright/chromium_headless_shell-1187/chrome-linux/headless_shell
    ╔═════════════════════════════════════════════════════════════════════════╗
    ║ Looks like Playwright Test or Playwright was just installed or updated. ║
    ║ Please run the following command to download new browsers:              ║
    ║                                                                         ║
    ║     npx playwright install                                              ║
    ║                                                                         ║
    ║ <3 Playwright Team                                                      ║
    ╚═════════════════════════════════════════════════════════════════════════╝
]]>
</failure>
</testcase>
<testcase name="Homepage › should be responsive on mobile" classname="homepage.spec.ts" time="0.002">
<failure message="homepage.spec.ts:36:3 should be responsive on mobile" type="FAILURE">
<![CDATA[  [chromium] › homepage.spec.ts:36:3 › Homepage › should be responsive on mobile ───────────────────

    Error: browserType.launch: Executable doesn't exist at /home/ubuntu/.cache/ms-playwright/chromium_headless_shell-1187/chrome-linux/headless_shell
    ╔═════════════════════════════════════════════════════════════════════════╗
    ║ Looks like Playwright Test or Playwright was just installed or updated. ║
    ║ Please run the following command to download new browsers:              ║
    ║                                                                         ║
    ║     npx playwright install                                              ║
    ║                                                                         ║
    ║ <3 Playwright Team                                                      ║
    ╚═════════════════════════════════════════════════════════════════════════╝
]]>
</failure>
</testcase>
</testsuite>
<testsuite name="meeting-creation.spec.ts" timestamp="2025-10-06T23:04:29.967Z" hostname="chromium" tests="7" failures="7" skipped="0" time="0.017" errors="0">
<testcase name="Meeting Creation › should create a meeting successfully and show success page" classname="meeting-creation.spec.ts" time="0.002">
<failure message="meeting-creation.spec.ts:4:3 should create a meeting successfully and show success page" type="FAILURE">
<![CDATA[  [chromium] › meeting-creation.spec.ts:4:3 › Meeting Creation › should create a meeting successfully and show success page 

    Error: browserType.launch: Executable doesn't exist at /home/ubuntu/.cache/ms-playwright/chromium_headless_shell-1187/chrome-linux/headless_shell
    ╔═════════════════════════════════════════════════════════════════════════╗
    ║ Looks like Playwright Test or Playwright was just installed or updated. ║
    ║ Please run the following command to download new browsers:              ║
    ║                                                                         ║
    ║     npx playwright install                                              ║
    ║                                                                         ║
    ║ <3 Playwright Team                                                      ║
    ╚═════════════════════════════════════════════════════════════════════════╝
]]>
</failure>
</testcase>
<testcase name="Meeting Creation › should show validation errors for empty fields" classname="meeting-creation.spec.ts" time="0.002">
<failure message="meeting-creation.spec.ts:37:3 should show validation errors for empty fields" type="FAILURE">
<![CDATA[  [chromium] › meeting-creation.spec.ts:37:3 › Meeting Creation › should show validation errors for empty fields 

    Error: browserType.launch: Executable doesn't exist at /home/ubuntu/.cache/ms-playwright/chromium_headless_shell-1187/chrome-linux/headless_shell
    ╔═════════════════════════════════════════════════════════════════════════╗
    ║ Looks like Playwright Test or Playwright was just installed or updated. ║
    ║ Please run the following command to download new browsers:              ║
    ║                                                                         ║
    ║     npx playwright install                                              ║
    ║                                                                         ║
    ║ <3 Playwright Team                                                      ║
    ╚═════════════════════════════════════════════════════════════════════════╝
]]>
</failure>
</testcase>
<testcase name="Meeting Creation › should show validation errors for invalid input" classname="meeting-creation.spec.ts" time="0.002">
<failure message="meeting-creation.spec.ts:52:3 should show validation errors for invalid input" type="FAILURE">
<![CDATA[  [chromium] › meeting-creation.spec.ts:52:3 › Meeting Creation › should show validation errors for invalid input 

    Error: browserType.launch: Executable doesn't exist at /home/ubuntu/.cache/ms-playwright/chromium_headless_shell-1187/chrome-linux/headless_shell
    ╔═════════════════════════════════════════════════════════════════════════╗
    ║ Looks like Playwright Test or Playwright was just installed or updated. ║
    ║ Please run the following command to download new browsers:              ║
    ║                                                                         ║
    ║     npx playwright install                                              ║
    ║                                                                         ║
    ║ <3 Playwright Team                                                      ║
    ╚═════════════════════════════════════════════════════════════════════════╝
]]>
</failure>
</testcase>
<testcase name="Meeting Creation › should handle server errors gracefully" classname="meeting-creation.spec.ts" time="0.004">
<failure message="meeting-creation.spec.ts:70:3 should handle server errors gracefully" type="FAILURE">
<![CDATA[  [chromium] › meeting-creation.spec.ts:70:3 › Meeting Creation › should handle server errors gracefully 

    Error: browserType.launch: Executable doesn't exist at /home/ubuntu/.cache/ms-playwright/chromium_headless_shell-1187/chrome-linux/headless_shell
    ╔═════════════════════════════════════════════════════════════════════════╗
    ║ Looks like Playwright Test or Playwright was just installed or updated. ║
    ║ Please run the following command to download new browsers:              ║
    ║                                                                         ║
    ║     npx playwright install                                              ║
    ║                                                                         ║
    ║ <3 Playwright Team                                                      ║
    ╚═════════════════════════════════════════════════════════════════════════╝
]]>
</failure>
</testcase>
<testcase name="Meeting Creation › should copy meeting code to clipboard" classname="meeting-creation.spec.ts" time="0.002">
<failure message="meeting-creation.spec.ts:97:3 should copy meeting code to clipboard" type="FAILURE">
<![CDATA[  [chromium] › meeting-creation.spec.ts:97:3 › Meeting Creation › should copy meeting code to clipboard 

    Error: browserType.launch: Executable doesn't exist at /home/ubuntu/.cache/ms-playwright/chromium_headless_shell-1187/chrome-linux/headless_shell
    ╔═════════════════════════════════════════════════════════════════════════╗
    ║ Looks like Playwright Test or Playwright was just installed or updated. ║
    ║ Please run the following command to download new browsers:              ║
    ║                                                                         ║
    ║     npx playwright install                                              ║
    ║                                                                         ║
    ║ <3 Playwright Team                                                      ║
    ╚═════════════════════════════════════════════════════════════════════════╝
]]>
</failure>
</testcase>
<testcase name="Meeting Creation › should copy shareable link to clipboard" classname="meeting-creation.spec.ts" time="0.002">
<failure message="meeting-creation.spec.ts:119:3 should copy shareable link to clipboard" type="FAILURE">
<![CDATA[  [chromium] › meeting-creation.spec.ts:119:3 › Meeting Creation › should copy shareable link to clipboard 

    Error: browserType.launch: Executable doesn't exist at /home/ubuntu/.cache/ms-playwright/chromium_headless_shell-1187/chrome-linux/headless_shell
    ╔═════════════════════════════════════════════════════════════════════════╗
    ║ Looks like Playwright Test or Playwright was just installed or updated. ║
    ║ Please run the following command to download new browsers:              ║
    ║                                                                         ║
    ║     npx playwright install                                              ║
    ║                                                                         ║
    ║ <3 Playwright Team                                                      ║
    ╚═════════════════════════════════════════════════════════════════════════╝
]]>
</failure>
</testcase>
<testcase name="Meeting Creation › should navigate to facilitator view when start meeting is clicked" classname="meeting-creation.spec.ts" time="0.003">
<failure message="meeting-creation.spec.ts:141:3 should navigate to facilitator view when start meeting is clicked" type="FAILURE">
<![CDATA[  [chromium] › meeting-creation.spec.ts:141:3 › Meeting Creation › should navigate to facilitator view when start meeting is clicked 

    Error: browserType.launch: Executable doesn't exist at /home/ubuntu/.cache/ms-playwright/chromium_headless_shell-1187/chrome-linux/headless_shell
    ╔═════════════════════════════════════════════════════════════════════════╗
    ║ Looks like Playwright Test or Playwright was just installed or updated. ║
    ║ Please run the following command to download new browsers:              ║
    ║                                                                         ║
    ║     npx playwright install                                              ║
    ║                                                                         ║
    ║ <3 Playwright Team                                                      ║
    ╚═════════════════════════════════════════════════════════════════════════╝
]]>
</failure>
</testcase>
</testsuite>
<testsuite name="meeting-joining.spec.ts" timestamp="2025-10-06T23:04:29.967Z" hostname="chromium" tests="8" failures="8" skipped="0" time="0.016" errors="0">
<testcase name="Meeting Joining › should show join form with proper elements" classname="meeting-joining.spec.ts" time="0.002">
<failure message="meeting-joining.spec.ts:4:3 should show join form with proper elements" type="FAILURE">
<![CDATA[  [chromium] › meeting-joining.spec.ts:4:3 › Meeting Joining › should show join form with proper elements 

    Error: browserType.launch: Executable doesn't exist at /home/ubuntu/.cache/ms-playwright/chromium_headless_shell-1187/chrome-linux/headless_shell
    ╔═════════════════════════════════════════════════════════════════════════╗
    ║ Looks like Playwright Test or Playwright was just installed or updated. ║
    ║ Please run the following command to download new browsers:              ║
    ║                                                                         ║
    ║     npx playwright install                                              ║
    ║                                                                         ║
    ║ <3 Playwright Team                                                      ║
    ╚═════════════════════════════════════════════════════════════════════════╝
]]>
</failure>
</testcase>
<testcase name="Meeting Joining › should show validation error for invalid meeting code format" classname="meeting-joining.spec.ts" time="0.002">
<failure message="meeting-joining.spec.ts:13:3 should show validation error for invalid meeting code format" type="FAILURE">
<![CDATA[  [chromium] › meeting-joining.spec.ts:13:3 › Meeting Joining › should show validation error for invalid meeting code format 

    Error: browserType.launch: Executable doesn't exist at /home/ubuntu/.cache/ms-playwright/chromium_headless_shell-1187/chrome-linux/headless_shell
    ╔═════════════════════════════════════════════════════════════════════════╗
    ║ Looks like Playwright Test or Playwright was just installed or updated. ║
    ║ Please run the following command to download new browsers:              ║
    ║                                                                         ║
    ║     npx playwright install                                              ║
    ║                                                                         ║
    ║ <3 Playwright Team                                                      ║
    ╚═════════════════════════════════════════════════════════════════════════╝
]]>
</failure>
</testcase>
<testcase name="Meeting Joining › should show error for non-existent meeting" classname="meeting-joining.spec.ts" time="0.002">
<failure message="meeting-joining.spec.ts:27:3 should show error for non-existent meeting" type="FAILURE">
<![CDATA[  [chromium] › meeting-joining.spec.ts:27:3 › Meeting Joining › should show error for non-existent meeting 

    Error: browserType.launch: Executable doesn't exist at /home/ubuntu/.cache/ms-playwright/chromium_headless_shell-1187/chrome-linux/headless_shell
    ╔═════════════════════════════════════════════════════════════════════════╗
    ║ Looks like Playwright Test or Playwright was just installed or updated. ║
    ║ Please run the following command to download new browsers:              ║
    ║                                                                         ║
    ║     npx playwright install                                              ║
    ║                                                                         ║
    ║ <3 Playwright Team                                                      ║
    ╚═════════════════════════════════════════════════════════════════════════╝
]]>
</failure>
</testcase>
<testcase name="Meeting Joining › should show validation error for empty participant name" classname="meeting-joining.spec.ts" time="0.002">
<failure message="meeting-joining.spec.ts:53:3 should show validation error for empty participant name" type="FAILURE">
<![CDATA[  [chromium] › meeting-joining.spec.ts:53:3 › Meeting Joining › should show validation error for empty participant name 

    Error: browserType.launch: Executable doesn't exist at /home/ubuntu/.cache/ms-playwright/chromium_headless_shell-1187/chrome-linux/headless_shell
    ╔═════════════════════════════════════════════════════════════════════════╗
    ║ Looks like Playwright Test or Playwright was just installed or updated. ║
    ║ Please run the following command to download new browsers:              ║
    ║                                                                         ║
    ║     npx playwright install                                              ║
    ║                                                                         ║
    ║ <3 Playwright Team                                                      ║
    ╚═════════════════════════════════════════════════════════════════════════╝
]]>
</failure>
</testcase>
<testcase name="Meeting Joining › should handle server errors gracefully" classname="meeting-joining.spec.ts" time="0.002">
<failure message="meeting-joining.spec.ts:67:3 should handle server errors gracefully" type="FAILURE">
<![CDATA[  [chromium] › meeting-joining.spec.ts:67:3 › Meeting Joining › should handle server errors gracefully 

    Error: browserType.launch: Executable doesn't exist at /home/ubuntu/.cache/ms-playwright/chromium_headless_shell-1187/chrome-linux/headless_shell
    ╔═════════════════════════════════════════════════════════════════════════╗
    ║ Looks like Playwright Test or Playwright was just installed or updated. ║
    ║ Please run the following command to download new browsers:              ║
    ║                                                                         ║
    ║     npx playwright install                                              ║
    ║                                                                         ║
    ║ <3 Playwright Team                                                      ║
    ╚═════════════════════════════════════════════════════════════════════════╝
]]>
</failure>
</testcase>
<testcase name="Meeting Joining › should join meeting successfully with valid data" classname="meeting-joining.spec.ts" time="0.002">
<failure message="meeting-joining.spec.ts:93:3 should join meeting successfully with valid data" type="FAILURE">
<![CDATA[  [chromium] › meeting-joining.spec.ts:93:3 › Meeting Joining › should join meeting successfully with valid data 

    Error: browserType.launch: Executable doesn't exist at /home/ubuntu/.cache/ms-playwright/chromium_headless_shell-1187/chrome-linux/headless_shell
    ╔═════════════════════════════════════════════════════════════════════════╗
    ║ Looks like Playwright Test or Playwright was just installed or updated. ║
    ║ Please run the following command to download new browsers:              ║
    ║                                                                         ║
    ║     npx playwright install                                              ║
    ║                                                                         ║
    ║ <3 Playwright Team                                                      ║
    ╚═════════════════════════════════════════════════════════════════════════╝
]]>
</failure>
</testcase>
<testcase name="Meeting Joining › should auto-fill meeting code from URL parameter" classname="meeting-joining.spec.ts" time="0.002">
<failure message="meeting-joining.spec.ts:135:3 should auto-fill meeting code from URL parameter" type="FAILURE">
<![CDATA[  [chromium] › meeting-joining.spec.ts:135:3 › Meeting Joining › should auto-fill meeting code from URL parameter 

    Error: browserType.launch: Executable doesn't exist at /home/ubuntu/.cache/ms-playwright/chromium_headless_shell-1187/chrome-linux/headless_shell
    ╔═════════════════════════════════════════════════════════════════════════╗
    ║ Looks like Playwright Test or Playwright was just installed or updated. ║
    ║ Please run the following command to download new browsers:              ║
    ║                                                                         ║
    ║     npx playwright install                                              ║
    ║                                                                         ║
    ║ <3 Playwright Team                                                      ║
    ╚═════════════════════════════════════════════════════════════════════════╝
]]>
</failure>
</testcase>
<testcase name="Meeting Joining › should show loading state during join process" classname="meeting-joining.spec.ts" time="0.002">
<failure message="meeting-joining.spec.ts:144:3 should show loading state during join process" type="FAILURE">
<![CDATA[  [chromium] › meeting-joining.spec.ts:144:3 › Meeting Joining › should show loading state during join process 

    Error: browserType.launch: Executable doesn't exist at /home/ubuntu/.cache/ms-playwright/chromium_headless_shell-1187/chrome-linux/headless_shell
    ╔═════════════════════════════════════════════════════════════════════════╗
    ║ Looks like Playwright Test or Playwright was just installed or updated. ║
    ║ Please run the following command to download new browsers:              ║
    ║                                                                         ║
    ║     npx playwright install                                              ║
    ║                                                                         ║
    ║ <3 Playwright Team                                                      ║
    ╚═════════════════════════════════════════════════════════════════════════╝
]]>
</failure>
</testcase>
</testsuite>
<testsuite name="meeting-workflow.spec.ts" timestamp="2025-10-06T23:04:29.967Z" hostname="chromium" tests="4" failures="4" skipped="0" time="0.008" errors="0">
<testcase name="Complete Meeting Workflow › should complete full meeting creation and joining workflow" classname="meeting-workflow.spec.ts" time="0.002">
<failure message="meeting-workflow.spec.ts:4:3 should complete full meeting creation and joining workflow" type="FAILURE">
<![CDATA[  [chromium] › meeting-workflow.spec.ts:4:3 › Complete Meeting Workflow › should complete full meeting creation and joining workflow 

    Error: browserType.launch: Executable doesn't exist at /home/ubuntu/.cache/ms-playwright/chromium_headless_shell-1187/chrome-linux/headless_shell
    ╔═════════════════════════════════════════════════════════════════════════╗
    ║ Looks like Playwright Test or Playwright was just installed or updated. ║
    ║ Please run the following command to download new browsers:              ║
    ║                                                                         ║
    ║     npx playwright install                                              ║
    ║                                                                         ║
    ║ <3 Playwright Team                                                      ║
    ╚═════════════════════════════════════════════════════════════════════════╝
]]>
</failure>
</testcase>
<testcase name="Complete Meeting Workflow › should handle multiple participants joining the same meeting" classname="meeting-workflow.spec.ts" time="0.002">
<failure message="meeting-workflow.spec.ts:67:3 should handle multiple participants joining the same meeting" type="FAILURE">
<![CDATA[  [chromium] › meeting-workflow.spec.ts:67:3 › Complete Meeting Workflow › should handle multiple participants joining the same meeting 

    Error: browserType.launch: Executable doesn't exist at /home/ubuntu/.cache/ms-playwright/chromium_headless_shell-1187/chrome-linux/headless_shell
    ╔═════════════════════════════════════════════════════════════════════════╗
    ║ Looks like Playwright Test or Playwright was just installed or updated. ║
    ║ Please run the following command to download new browsers:              ║
    ║                                                                         ║
    ║     npx playwright install                                              ║
    ║                                                                         ║
    ║ <3 Playwright Team                                                      ║
    ╚═════════════════════════════════════════════════════════════════════════╝
]]>
</failure>
</testcase>
<testcase name="Complete Meeting Workflow › should handle participant leaving and rejoining" classname="meeting-workflow.spec.ts" time="0.002">
<failure message="meeting-workflow.spec.ts:118:3 should handle participant leaving and rejoining" type="FAILURE">
<![CDATA[  [chromium] › meeting-workflow.spec.ts:118:3 › Complete Meeting Workflow › should handle participant leaving and rejoining 

    Error: browserType.launch: Executable doesn't exist at /home/ubuntu/.cache/ms-playwright/chromium_headless_shell-1187/chrome-linux/headless_shell
    ╔═════════════════════════════════════════════════════════════════════════╗
    ║ Looks like Playwright Test or Playwright was just installed or updated. ║
    ║ Please run the following command to download new browsers:              ║
    ║                                                                         ║
    ║     npx playwright install                                              ║
    ║                                                                         ║
    ║ <3 Playwright Team                                                      ║
    ╚═════════════════════════════════════════════════════════════════════════╝
]]>
</failure>
</testcase>
<testcase name="Complete Meeting Workflow › should handle network interruptions gracefully" classname="meeting-workflow.spec.ts" time="0.002">
<failure message="meeting-workflow.spec.ts:173:3 should handle network interruptions gracefully" type="FAILURE">
<![CDATA[  [chromium] › meeting-workflow.spec.ts:173:3 › Complete Meeting Workflow › should handle network interruptions gracefully 

    Error: browserType.launch: Executable doesn't exist at /home/ubuntu/.cache/ms-playwright/chromium_headless_shell-1187/chrome-linux/headless_shell
    ╔═════════════════════════════════════════════════════════════════════════╗
    ║ Looks like Playwright Test or Playwright was just installed or updated. ║
    ║ Please run the following command to download new browsers:              ║
    ║                                                                         ║
    ║     npx playwright install                                              ║
    ║                                                                         ║
    ║ <3 Playwright Team                                                      ║
    ╚═════════════════════════════════════════════════════════════════════════╝
]]>
</failure>
</testcase>
</testsuite>
<testsuite name="homepage.spec.ts" timestamp="2025-10-06T23:04:29.967Z" hostname="firefox" tests="4" failures="4" skipped="0" time="0.008" errors="0">
<testcase name="Homepage › should load the homepage successfully" classname="homepage.spec.ts" time="0.002">
<failure message="homepage.spec.ts:4:3 should load the homepage successfully" type="FAILURE">
<![CDATA[  [firefox] › homepage.spec.ts:4:3 › Homepage › should load the homepage successfully ──────────────

    Error: browserType.launch: Executable doesn't exist at /home/ubuntu/.cache/ms-playwright/firefox-1490/firefox/firefox
    ╔═════════════════════════════════════════════════════════════════════════╗
    ║ Looks like Playwright Test or Playwright was just installed or updated. ║
    ║ Please run the following command to download new browsers:              ║
    ║                                                                         ║
    ║     npx playwright install                                              ║
    ║                                                                         ║
    ║ <3 Playwright Team                                                      ║
    ╚═════════════════════════════════════════════════════════════════════════╝
]]>
</failure>
</testcase>
<testcase name="Homepage › should navigate to host meeting page" classname="homepage.spec.ts" time="0.002">
<failure message="homepage.spec.ts:14:3 should navigate to host meeting page" type="FAILURE">
<![CDATA[  [firefox] › homepage.spec.ts:14:3 › Homepage › should navigate to host meeting page ──────────────

    Error: browserType.launch: Executable doesn't exist at /home/ubuntu/.cache/ms-playwright/firefox-1490/firefox/firefox
    ╔═════════════════════════════════════════════════════════════════════════╗
    ║ Looks like Playwright Test or Playwright was just installed or updated. ║
    ║ Please run the following command to download new browsers:              ║
    ║                                                                         ║
    ║     npx playwright install                                              ║
    ║                                                                         ║
    ║ <3 Playwright Team                                                      ║
    ╚═════════════════════════════════════════════════════════════════════════╝
]]>
</failure>
</testcase>
<testcase name="Homepage › should navigate to join meeting page" classname="homepage.spec.ts" time="0.002">
<failure message="homepage.spec.ts:25:3 should navigate to join meeting page" type="FAILURE">
<![CDATA[  [firefox] › homepage.spec.ts:25:3 › Homepage › should navigate to join meeting page ──────────────

    Error: browserType.launch: Executable doesn't exist at /home/ubuntu/.cache/ms-playwright/firefox-1490/firefox/firefox
    ╔═════════════════════════════════════════════════════════════════════════╗
    ║ Looks like Playwright Test or Playwright was just installed or updated. ║
    ║ Please run the following command to download new browsers:              ║
    ║                                                                         ║
    ║     npx playwright install                                              ║
    ║                                                                         ║
    ║ <3 Playwright Team                                                      ║
    ╚═════════════════════════════════════════════════════════════════════════╝
]]>
</failure>
</testcase>
<testcase name="Homepage › should be responsive on mobile" classname="homepage.spec.ts" time="0.002">
<failure message="homepage.spec.ts:36:3 should be responsive on mobile" type="FAILURE">
<![CDATA[  [firefox] › homepage.spec.ts:36:3 › Homepage › should be responsive on mobile ────────────────────

    Error: browserType.launch: Executable doesn't exist at /home/ubuntu/.cache/ms-playwright/firefox-1490/firefox/firefox
    ╔═════════════════════════════════════════════════════════════════════════╗
    ║ Looks like Playwright Test or Playwright was just installed or updated. ║
    ║ Please run the following command to download new browsers:              ║
    ║                                                                         ║
    ║     npx playwright install                                              ║
    ║                                                                         ║
    ║ <3 Playwright Team                                                      ║
    ╚═════════════════════════════════════════════════════════════════════════╝
]]>
</failure>
</testcase>
</testsuite>
<testsuite name="meeting-creation.spec.ts" timestamp="2025-10-06T23:04:29.967Z" hostname="firefox" tests="7" failures="7" skipped="0" time="0.014" errors="0">
<testcase name="Meeting Creation › should create a meeting successfully and show success page" classname="meeting-creation.spec.ts" time="0.002">
<failure message="meeting-creation.spec.ts:4:3 should create a meeting successfully and show success page" type="FAILURE">
<![CDATA[  [firefox] › meeting-creation.spec.ts:4:3 › Meeting Creation › should create a meeting successfully and show success page 

    Error: browserType.launch: Executable doesn't exist at /home/ubuntu/.cache/ms-playwright/firefox-1490/firefox/firefox
    ╔═════════════════════════════════════════════════════════════════════════╗
    ║ Looks like Playwright Test or Playwright was just installed or updated. ║
    ║ Please run the following command to download new browsers:              ║
    ║                                                                         ║
    ║     npx playwright install                                              ║
    ║                                                                         ║
    ║ <3 Playwright Team                                                      ║
    ╚═════════════════════════════════════════════════════════════════════════╝
]]>
</failure>
</testcase>
<testcase name="Meeting Creation › should show validation errors for empty fields" classname="meeting-creation.spec.ts" time="0.002">
<failure message="meeting-creation.spec.ts:37:3 should show validation errors for empty fields" type="FAILURE">
<![CDATA[  [firefox] › meeting-creation.spec.ts:37:3 › Meeting Creation › should show validation errors for empty fields 

    Error: browserType.launch: Executable doesn't exist at /home/ubuntu/.cache/ms-playwright/firefox-1490/firefox/firefox
    ╔═════════════════════════════════════════════════════════════════════════╗
    ║ Looks like Playwright Test or Playwright was just installed or updated. ║
    ║ Please run the following command to download new browsers:              ║
    ║                                                                         ║
    ║     npx playwright install                                              ║
    ║                                                                         ║
    ║ <3 Playwright Team                                                      ║
    ╚═════════════════════════════════════════════════════════════════════════╝
]]>
</failure>
</testcase>
<testcase name="Meeting Creation › should show validation errors for invalid input" classname="meeting-creation.spec.ts" time="0.002">
<failure message="meeting-creation.spec.ts:52:3 should show validation errors for invalid input" type="FAILURE">
<![CDATA[  [firefox] › meeting-creation.spec.ts:52:3 › Meeting Creation › should show validation errors for invalid input 

    Error: browserType.launch: Executable doesn't exist at /home/ubuntu/.cache/ms-playwright/firefox-1490/firefox/firefox
    ╔═════════════════════════════════════════════════════════════════════════╗
    ║ Looks like Playwright Test or Playwright was just installed or updated. ║
    ║ Please run the following command to download new browsers:              ║
    ║                                                                         ║
    ║     npx playwright install                                              ║
    ║                                                                         ║
    ║ <3 Playwright Team                                                      ║
    ╚═════════════════════════════════════════════════════════════════════════╝
]]>
</failure>
</testcase>
<testcase name="Meeting Creation › should handle server errors gracefully" classname="meeting-creation.spec.ts" time="0.002">
<failure message="meeting-creation.spec.ts:70:3 should handle server errors gracefully" type="FAILURE">
<![CDATA[  [firefox] › meeting-creation.spec.ts:70:3 › Meeting Creation › should handle server errors gracefully 

    Error: browserType.launch: Executable doesn't exist at /home/ubuntu/.cache/ms-playwright/firefox-1490/firefox/firefox
    ╔═════════════════════════════════════════════════════════════════════════╗
    ║ Looks like Playwright Test or Playwright was just installed or updated. ║
    ║ Please run the following command to download new browsers:              ║
    ║                                                                         ║
    ║     npx playwright install                                              ║
    ║                                                                         ║
    ║ <3 Playwright Team                                                      ║
    ╚═════════════════════════════════════════════════════════════════════════╝
]]>
</failure>
</testcase>
<testcase name="Meeting Creation › should copy meeting code to clipboard" classname="meeting-creation.spec.ts" time="0.002">
<failure message="meeting-creation.spec.ts:97:3 should copy meeting code to clipboard" type="FAILURE">
<![CDATA[  [firefox] › meeting-creation.spec.ts:97:3 › Meeting Creation › should copy meeting code to clipboard 

    Error: browserType.launch: Executable doesn't exist at /home/ubuntu/.cache/ms-playwright/firefox-1490/firefox/firefox
    ╔═════════════════════════════════════════════════════════════════════════╗
    ║ Looks like Playwright Test or Playwright was just installed or updated. ║
    ║ Please run the following command to download new browsers:              ║
    ║                                                                         ║
    ║     npx playwright install                                              ║
    ║                                                                         ║
    ║ <3 Playwright Team                                                      ║
    ╚═════════════════════════════════════════════════════════════════════════╝
]]>
</failure>
</testcase>
<testcase name="Meeting Creation › should copy shareable link to clipboard" classname="meeting-creation.spec.ts" time="0.002">
<failure message="meeting-creation.spec.ts:119:3 should copy shareable link to clipboard" type="FAILURE">
<![CDATA[  [firefox] › meeting-creation.spec.ts:119:3 › Meeting Creation › should copy shareable link to clipboard 

    Error: browserType.launch: Executable doesn't exist at /home/ubuntu/.cache/ms-playwright/firefox-1490/firefox/firefox
    ╔═════════════════════════════════════════════════════════════════════════╗
    ║ Looks like Playwright Test or Playwright was just installed or updated. ║
    ║ Please run the following command to download new browsers:              ║
    ║                                                                         ║
    ║     npx playwright install                                              ║
    ║                                                                         ║
    ║ <3 Playwright Team                                                      ║
    ╚═════════════════════════════════════════════════════════════════════════╝
]]>
</failure>
</testcase>
<testcase name="Meeting Creation › should navigate to facilitator view when start meeting is clicked" classname="meeting-creation.spec.ts" time="0.002">
<failure message="meeting-creation.spec.ts:141:3 should navigate to facilitator view when start meeting is clicked" type="FAILURE">
<![CDATA[  [firefox] › meeting-creation.spec.ts:141:3 › Meeting Creation › should navigate to facilitator view when start meeting is clicked 

    Error: browserType.launch: Executable doesn't exist at /home/ubuntu/.cache/ms-playwright/firefox-1490/firefox/firefox
    ╔═════════════════════════════════════════════════════════════════════════╗
    ║ Looks like Playwright Test or Playwright was just installed or updated. ║
    ║ Please run the following command to download new browsers:              ║
    ║                                                                         ║
    ║     npx playwright install                                              ║
    ║                                                                         ║
    ║ <3 Playwright Team                                                      ║
    ╚═════════════════════════════════════════════════════════════════════════╝
]]>
</failure>
</testcase>
</testsuite>
<testsuite name="meeting-joining.spec.ts" timestamp="2025-10-06T23:04:29.967Z" hostname="firefox" tests="8" failures="8" skipped="0" time="0.017" errors="0">
<testcase name="Meeting Joining › should show join form with proper elements" classname="meeting-joining.spec.ts" time="0.002">
<failure message="meeting-joining.spec.ts:4:3 should show join form with proper elements" type="FAILURE">
<![CDATA[  [firefox] › meeting-joining.spec.ts:4:3 › Meeting Joining › should show join form with proper elements 

    Error: browserType.launch: Executable doesn't exist at /home/ubuntu/.cache/ms-playwright/firefox-1490/firefox/firefox
    ╔═════════════════════════════════════════════════════════════════════════╗
    ║ Looks like Playwright Test or Playwright was just installed or updated. ║
    ║ Please run the following command to download new browsers:              ║
    ║                                                                         ║
    ║     npx playwright install                                              ║
    ║                                                                         ║
    ║ <3 Playwright Team                                                      ║
    ╚═════════════════════════════════════════════════════════════════════════╝
]]>
</failure>
</testcase>
<testcase name="Meeting Joining › should show validation error for invalid meeting code format" classname="meeting-joining.spec.ts" time="0.002">
<failure message="meeting-joining.spec.ts:13:3 should show validation error for invalid meeting code format" type="FAILURE">
<![CDATA[  [firefox] › meeting-joining.spec.ts:13:3 › Meeting Joining › should show validation error for invalid meeting code format 

    Error: browserType.launch: Executable doesn't exist at /home/ubuntu/.cache/ms-playwright/firefox-1490/firefox/firefox
    ╔═════════════════════════════════════════════════════════════════════════╗
    ║ Looks like Playwright Test or Playwright was just installed or updated. ║
    ║ Please run the following command to download new browsers:              ║
    ║                                                                         ║
    ║     npx playwright install                                              ║
    ║                                                                         ║
    ║ <3 Playwright Team                                                      ║
    ╚═════════════════════════════════════════════════════════════════════════╝
]]>
</failure>
</testcase>
<testcase name="Meeting Joining › should show error for non-existent meeting" classname="meeting-joining.spec.ts" time="0.002">
<failure message="meeting-joining.spec.ts:27:3 should show error for non-existent meeting" type="FAILURE">
<![CDATA[  [firefox] › meeting-joining.spec.ts:27:3 › Meeting Joining › should show error for non-existent meeting 

    Error: browserType.launch: Executable doesn't exist at /home/ubuntu/.cache/ms-playwright/firefox-1490/firefox/firefox
    ╔═════════════════════════════════════════════════════════════════════════╗
    ║ Looks like Playwright Test or Playwright was just installed or updated. ║
    ║ Please run the following command to download new browsers:              ║
    ║                                                                         ║
    ║     npx playwright install                                              ║
    ║                                                                         ║
    ║ <3 Playwright Team                                                      ║
    ╚═════════════════════════════════════════════════════════════════════════╝
]]>
</failure>
</testcase>
<testcase name="Meeting Joining › should show validation error for empty participant name" classname="meeting-joining.spec.ts" time="0.003">
<failure message="meeting-joining.spec.ts:53:3 should show validation error for empty participant name" type="FAILURE">
<![CDATA[  [firefox] › meeting-joining.spec.ts:53:3 › Meeting Joining › should show validation error for empty participant name 

    Error: browserType.launch: Executable doesn't exist at /home/ubuntu/.cache/ms-playwright/firefox-1490/firefox/firefox
    ╔═════════════════════════════════════════════════════════════════════════╗
    ║ Looks like Playwright Test or Playwright was just installed or updated. ║
    ║ Please run the following command to download new browsers:              ║
    ║                                                                         ║
    ║     npx playwright install                                              ║
    ║                                                                         ║
    ║ <3 Playwright Team                                                      ║
    ╚═════════════════════════════════════════════════════════════════════════╝
]]>
</failure>
</testcase>
<testcase name="Meeting Joining › should handle server errors gracefully" classname="meeting-joining.spec.ts" time="0.002">
<failure message="meeting-joining.spec.ts:67:3 should handle server errors gracefully" type="FAILURE">
<![CDATA[  [firefox] › meeting-joining.spec.ts:67:3 › Meeting Joining › should handle server errors gracefully 

    Error: browserType.launch: Executable doesn't exist at /home/ubuntu/.cache/ms-playwright/firefox-1490/firefox/firefox
    ╔═════════════════════════════════════════════════════════════════════════╗
    ║ Looks like Playwright Test or Playwright was just installed or updated. ║
    ║ Please run the following command to download new browsers:              ║
    ║                                                                         ║
    ║     npx playwright install                                              ║
    ║                                                                         ║
    ║ <3 Playwright Team                                                      ║
    ╚═════════════════════════════════════════════════════════════════════════╝
]]>
</failure>
</testcase>
<testcase name="Meeting Joining › should join meeting successfully with valid data" classname="meeting-joining.spec.ts" time="0.002">
<failure message="meeting-joining.spec.ts:93:3 should join meeting successfully with valid data" type="FAILURE">
<![CDATA[  [firefox] › meeting-joining.spec.ts:93:3 › Meeting Joining › should join meeting successfully with valid data 

    Error: browserType.launch: Executable doesn't exist at /home/ubuntu/.cache/ms-playwright/firefox-1490/firefox/firefox
    ╔═════════════════════════════════════════════════════════════════════════╗
    ║ Looks like Playwright Test or Playwright was just installed or updated. ║
    ║ Please run the following command to download new browsers:              ║
    ║                                                                         ║
    ║     npx playwright install                                              ║
    ║                                                                         ║
    ║ <3 Playwright Team                                                      ║
    ╚═════════════════════════════════════════════════════════════════════════╝
]]>
</failure>
</testcase>
<testcase name="Meeting Joining › should auto-fill meeting code from URL parameter" classname="meeting-joining.spec.ts" time="0.002">
<failure message="meeting-joining.spec.ts:135:3 should auto-fill meeting code from URL parameter" type="FAILURE">
<![CDATA[  [firefox] › meeting-joining.spec.ts:135:3 › Meeting Joining › should auto-fill meeting code from URL parameter 

    Error: browserType.launch: Executable doesn't exist at /home/ubuntu/.cache/ms-playwright/firefox-1490/firefox/firefox
    ╔═════════════════════════════════════════════════════════════════════════╗
    ║ Looks like Playwright Test or Playwright was just installed or updated. ║
    ║ Please run the following command to download new browsers:              ║
    ║                                                                         ║
    ║     npx playwright install                                              ║
    ║                                                                         ║
    ║ <3 Playwright Team                                                      ║
    ╚═════════════════════════════════════════════════════════════════════════╝
]]>
</failure>
</testcase>
<testcase name="Meeting Joining › should show loading state during join process" classname="meeting-joining.spec.ts" time="0.002">
<failure message="meeting-joining.spec.ts:144:3 should show loading state during join process" type="FAILURE">
<![CDATA[  [firefox] › meeting-joining.spec.ts:144:3 › Meeting Joining › should show loading state during join process 

    Error: browserType.launch: Executable doesn't exist at /home/ubuntu/.cache/ms-playwright/firefox-1490/firefox/firefox
    ╔═════════════════════════════════════════════════════════════════════════╗
    ║ Looks like Playwright Test or Playwright was just installed or updated. ║
    ║ Please run the following command to download new browsers:              ║
    ║                                                                         ║
    ║     npx playwright install                                              ║
    ║                                                                         ║
    ║ <3 Playwright Team                                                      ║
    ╚═════════════════════════════════════════════════════════════════════════╝
]]>
</failure>
</testcase>
</testsuite>
<testsuite name="meeting-workflow.spec.ts" timestamp="2025-10-06T23:04:29.967Z" hostname="firefox" tests="4" failures="4" skipped="0" time="0.008" errors="0">
<testcase name="Complete Meeting Workflow › should complete full meeting creation and joining workflow" classname="meeting-workflow.spec.ts" time="0.002">
<failure message="meeting-workflow.spec.ts:4:3 should complete full meeting creation and joining workflow" type="FAILURE">
<![CDATA[  [firefox] › meeting-workflow.spec.ts:4:3 › Complete Meeting Workflow › should complete full meeting creation and joining workflow 

    Error: browserType.launch: Executable doesn't exist at /home/ubuntu/.cache/ms-playwright/firefox-1490/firefox/firefox
    ╔═════════════════════════════════════════════════════════════════════════╗
    ║ Looks like Playwright Test or Playwright was just installed or updated. ║
    ║ Please run the following command to download new browsers:              ║
    ║                                                                         ║
    ║     npx playwright install                                              ║
    ║                                                                         ║
    ║ <3 Playwright Team                                                      ║
    ╚═════════════════════════════════════════════════════════════════════════╝
]]>
</failure>
</testcase>
<testcase name="Complete Meeting Workflow › should handle multiple participants joining the same meeting" classname="meeting-workflow.spec.ts" time="0.002">
<failure message="meeting-workflow.spec.ts:67:3 should handle multiple participants joining the same meeting" type="FAILURE">
<![CDATA[  [firefox] › meeting-workflow.spec.ts:67:3 › Complete Meeting Workflow › should handle multiple participants joining the same meeting 

    Error: browserType.launch: Executable doesn't exist at /home/ubuntu/.cache/ms-playwright/firefox-1490/firefox/firefox
    ╔═════════════════════════════════════════════════════════════════════════╗
    ║ Looks like Playwright Test or Playwright was just installed or updated. ║
    ║ Please run the following command to download new browsers:              ║
    ║                                                                         ║
    ║     npx playwright install                                              ║
    ║                                                                         ║
    ║ <3 Playwright Team                                                      ║
    ╚═════════════════════════════════════════════════════════════════════════╝
]]>
</failure>
</testcase>
<testcase name="Complete Meeting Workflow › should handle participant leaving and rejoining" classname="meeting-workflow.spec.ts" time="0.002">
<failure message="meeting-workflow.spec.ts:118:3 should handle participant leaving and rejoining" type="FAILURE">
<![CDATA[  [firefox] › meeting-workflow.spec.ts:118:3 › Complete Meeting Workflow › should handle participant leaving and rejoining 

    Error: browserType.launch: Executable doesn't exist at /home/ubuntu/.cache/ms-playwright/firefox-1490/firefox/firefox
    ╔═════════════════════════════════════════════════════════════════════════╗
    ║ Looks like Playwright Test or Playwright was just installed or updated. ║
    ║ Please run the following command to download new browsers:              ║
    ║                                                                         ║
    ║     npx playwright install                                              ║
    ║                                                                         ║
    ║ <3 Playwright Team                                                      ║
    ╚═════════════════════════════════════════════════════════════════════════╝
]]>
</failure>
</testcase>
<testcase name="Complete Meeting Workflow › should handle network interruptions gracefully" classname="meeting-workflow.spec.ts" time="0.002">
<failure message="meeting-workflow.spec.ts:173:3 should handle network interruptions gracefully" type="FAILURE">
<![CDATA[  [firefox] › meeting-workflow.spec.ts:173:3 › Complete Meeting Workflow › should handle network interruptions gracefully 

    Error: browserType.launch: Executable doesn't exist at /home/ubuntu/.cache/ms-playwright/firefox-1490/firefox/firefox
    ╔═════════════════════════════════════════════════════════════════════════╗
    ║ Looks like Playwright Test or Playwright was just installed or updated. ║
    ║ Please run the following command to download new browsers:              ║
    ║                                                                         ║
    ║     npx playwright install                                              ║
    ║                                                                         ║
    ║ <3 Playwright Team                                                      ║
    ╚═════════════════════════════════════════════════════════════════════════╝
]]>
</failure>
</testcase>
</testsuite>
<testsuite name="homepage.spec.ts" timestamp="2025-10-06T23:04:29.967Z" hostname="webkit" tests="4" failures="4" skipped="0" time="0.008" errors="0">
<testcase name="Homepage › should load the homepage successfully" classname="homepage.spec.ts" time="0.002">
<failure message="homepage.spec.ts:4:3 should load the homepage successfully" type="FAILURE">
<![CDATA[  [webkit] › homepage.spec.ts:4:3 › Homepage › should load the homepage successfully ───────────────

    Error: browserType.launch: Executable doesn't exist at /home/ubuntu/.cache/ms-playwright/webkit-2203/pw_run.sh
    ╔═════════════════════════════════════════════════════════════════════════╗
    ║ Looks like Playwright Test or Playwright was just installed or updated. ║
    ║ Please run the following command to download new browsers:              ║
    ║                                                                         ║
    ║     npx playwright install                                              ║
    ║                                                                         ║
    ║ <3 Playwright Team                                                      ║
    ╚═════════════════════════════════════════════════════════════════════════╝
]]>
</failure>
</testcase>
<testcase name="Homepage › should navigate to host meeting page" classname="homepage.spec.ts" time="0.002">
<failure message="homepage.spec.ts:14:3 should navigate to host meeting page" type="FAILURE">
<![CDATA[  [webkit] › homepage.spec.ts:14:3 › Homepage › should navigate to host meeting page ───────────────

    Error: browserType.launch: Executable doesn't exist at /home/ubuntu/.cache/ms-playwright/webkit-2203/pw_run.sh
    ╔═════════════════════════════════════════════════════════════════════════╗
    ║ Looks like Playwright Test or Playwright was just installed or updated. ║
    ║ Please run the following command to download new browsers:              ║
    ║                                                                         ║
    ║     npx playwright install                                              ║
    ║                                                                         ║
    ║ <3 Playwright Team                                                      ║
    ╚═════════════════════════════════════════════════════════════════════════╝
]]>
</failure>
</testcase>
<testcase name="Homepage › should navigate to join meeting page" classname="homepage.spec.ts" time="0.002">
<failure message="homepage.spec.ts:25:3 should navigate to join meeting page" type="FAILURE">
<![CDATA[  [webkit] › homepage.spec.ts:25:3 › Homepage › should navigate to join meeting page ───────────────

    Error: browserType.launch: Executable doesn't exist at /home/ubuntu/.cache/ms-playwright/webkit-2203/pw_run.sh
    ╔═════════════════════════════════════════════════════════════════════════╗
    ║ Looks like Playwright Test or Playwright was just installed or updated. ║
    ║ Please run the following command to download new browsers:              ║
    ║                                                                         ║
    ║     npx playwright install                                              ║
    ║                                                                         ║
    ║ <3 Playwright Team                                                      ║
    ╚═════════════════════════════════════════════════════════════════════════╝
]]>
</failure>
</testcase>
<testcase name="Homepage › should be responsive on mobile" classname="homepage.spec.ts" time="0.002">
<failure message="homepage.spec.ts:36:3 should be responsive on mobile" type="FAILURE">
<![CDATA[  [webkit] › homepage.spec.ts:36:3 › Homepage › should be responsive on mobile ─────────────────────

    Error: browserType.launch: Executable doesn't exist at /home/ubuntu/.cache/ms-playwright/webkit-2203/pw_run.sh
    ╔═════════════════════════════════════════════════════════════════════════╗
    ║ Looks like Playwright Test or Playwright was just installed or updated. ║
    ║ Please run the following command to download new browsers:              ║
    ║                                                                         ║
    ║     npx playwright install                                              ║
    ║                                                                         ║
    ║ <3 Playwright Team                                                      ║
    ╚═════════════════════════════════════════════════════════════════════════╝
]]>
</failure>
</testcase>
</testsuite>
<testsuite name="meeting-creation.spec.ts" timestamp="2025-10-06T23:04:29.967Z" hostname="webkit" tests="7" failures="7" skipped="0" time="0.015" errors="0">
<testcase name="Meeting Creation › should create a meeting successfully and show success page" classname="meeting-creation.spec.ts" time="0.002">
<failure message="meeting-creation.spec.ts:4:3 should create a meeting successfully and show success page" type="FAILURE">
<![CDATA[  [webkit] › meeting-creation.spec.ts:4:3 › Meeting Creation › should create a meeting successfully and show success page 

    Error: browserType.launch: Executable doesn't exist at /home/ubuntu/.cache/ms-playwright/webkit-2203/pw_run.sh
    ╔═════════════════════════════════════════════════════════════════════════╗
    ║ Looks like Playwright Test or Playwright was just installed or updated. ║
    ║ Please run the following command to download new browsers:              ║
    ║                                                                         ║
    ║     npx playwright install                                              ║
    ║                                                                         ║
    ║ <3 Playwright Team                                                      ║
    ╚═════════════════════════════════════════════════════════════════════════╝
]]>
</failure>
</testcase>
<testcase name="Meeting Creation › should show validation errors for empty fields" classname="meeting-creation.spec.ts" time="0.002">
<failure message="meeting-creation.spec.ts:37:3 should show validation errors for empty fields" type="FAILURE">
<![CDATA[  [webkit] › meeting-creation.spec.ts:37:3 › Meeting Creation › should show validation errors for empty fields 

    Error: browserType.launch: Executable doesn't exist at /home/ubuntu/.cache/ms-playwright/webkit-2203/pw_run.sh
    ╔═════════════════════════════════════════════════════════════════════════╗
    ║ Looks like Playwright Test or Playwright was just installed or updated. ║
    ║ Please run the following command to download new browsers:              ║
    ║                                                                         ║
    ║     npx playwright install                                              ║
    ║                                                                         ║
    ║ <3 Playwright Team                                                      ║
    ╚═════════════════════════════════════════════════════════════════════════╝
]]>
</failure>
</testcase>
<testcase name="Meeting Creation › should show validation errors for invalid input" classname="meeting-creation.spec.ts" time="0.002">
<failure message="meeting-creation.spec.ts:52:3 should show validation errors for invalid input" type="FAILURE">
<![CDATA[  [webkit] › meeting-creation.spec.ts:52:3 › Meeting Creation › should show validation errors for invalid input 

    Error: browserType.launch: Executable doesn't exist at /home/ubuntu/.cache/ms-playwright/webkit-2203/pw_run.sh
    ╔═════════════════════════════════════════════════════════════════════════╗
    ║ Looks like Playwright Test or Playwright was just installed or updated. ║
    ║ Please run the following command to download new browsers:              ║
    ║                                                                         ║
    ║     npx playwright install                                              ║
    ║                                                                         ║
    ║ <3 Playwright Team                                                      ║
    ╚═════════════════════════════════════════════════════════════════════════╝
]]>
</failure>
</testcase>
<testcase name="Meeting Creation › should handle server errors gracefully" classname="meeting-creation.spec.ts" time="0.002">
<failure message="meeting-creation.spec.ts:70:3 should handle server errors gracefully" type="FAILURE">
<![CDATA[  [webkit] › meeting-creation.spec.ts:70:3 › Meeting Creation › should handle server errors gracefully 

    Error: browserType.launch: Executable doesn't exist at /home/ubuntu/.cache/ms-playwright/webkit-2203/pw_run.sh
    ╔═════════════════════════════════════════════════════════════════════════╗
    ║ Looks like Playwright Test or Playwright was just installed or updated. ║
    ║ Please run the following command to download new browsers:              ║
    ║                                                                         ║
    ║     npx playwright install                                              ║
    ║                                                                         ║
    ║ <3 Playwright Team                                                      ║
    ╚═════════════════════════════════════════════════════════════════════════╝
]]>
</failure>
</testcase>
<testcase name="Meeting Creation › should copy meeting code to clipboard" classname="meeting-creation.spec.ts" time="0.003">
<failure message="meeting-creation.spec.ts:97:3 should copy meeting code to clipboard" type="FAILURE">
<![CDATA[  [webkit] › meeting-creation.spec.ts:97:3 › Meeting Creation › should copy meeting code to clipboard 

    Error: browserType.launch: Executable doesn't exist at /home/ubuntu/.cache/ms-playwright/webkit-2203/pw_run.sh
    ╔═════════════════════════════════════════════════════════════════════════╗
    ║ Looks like Playwright Test or Playwright was just installed or updated. ║
    ║ Please run the following command to download new browsers:              ║
    ║                                                                         ║
    ║     npx playwright install                                              ║
    ║                                                                         ║
    ║ <3 Playwright Team                                                      ║
    ╚═════════════════════════════════════════════════════════════════════════╝
]]>
</failure>
</testcase>
<testcase name="Meeting Creation › should copy shareable link to clipboard" classname="meeting-creation.spec.ts" time="0.002">
<failure message="meeting-creation.spec.ts:119:3 should copy shareable link to clipboard" type="FAILURE">
<![CDATA[  [webkit] › meeting-creation.spec.ts:119:3 › Meeting Creation › should copy shareable link to clipboard 

    Error: browserType.launch: Executable doesn't exist at /home/ubuntu/.cache/ms-playwright/webkit-2203/pw_run.sh
    ╔═════════════════════════════════════════════════════════════════════════╗
    ║ Looks like Playwright Test or Playwright was just installed or updated. ║
    ║ Please run the following command to download new browsers:              ║
    ║                                                                         ║
    ║     npx playwright install                                              ║
    ║                                                                         ║
    ║ <3 Playwright Team                                                      ║
    ╚═════════════════════════════════════════════════════════════════════════╝
]]>
</failure>
</testcase>
<testcase name="Meeting Creation › should navigate to facilitator view when start meeting is clicked" classname="meeting-creation.spec.ts" time="0.002">
<failure message="meeting-creation.spec.ts:141:3 should navigate to facilitator view when start meeting is clicked" type="FAILURE">
<![CDATA[  [webkit] › meeting-creation.spec.ts:141:3 › Meeting Creation › should navigate to facilitator view when start meeting is clicked 

    Error: browserType.launch: Executable doesn't exist at /home/ubuntu/.cache/ms-playwright/webkit-2203/pw_run.sh
    ╔═════════════════════════════════════════════════════════════════════════╗
    ║ Looks like Playwright Test or Playwright was just installed or updated. ║
    ║ Please run the following command to download new browsers:              ║
    ║                                                                         ║
    ║     npx playwright install                                              ║
    ║                                                                         ║
    ║ <3 Playwright Team                                                      ║
    ╚═════════════════════════════════════════════════════════════════════════╝
]]>
</failure>
</testcase>
</testsuite>
<testsuite name="meeting-joining.spec.ts" timestamp="2025-10-06T23:04:29.967Z" hostname="webkit" tests="8" failures="8" skipped="0" time="0.025" errors="0">
<testcase name="Meeting Joining › should show join form with proper elements" classname="meeting-joining.spec.ts" time="0.002">
<failure message="meeting-joining.spec.ts:4:3 should show join form with proper elements" type="FAILURE">
<![CDATA[  [webkit] › meeting-joining.spec.ts:4:3 › Meeting Joining › should show join form with proper elements 

    Error: browserType.launch: Executable doesn't exist at /home/ubuntu/.cache/ms-playwright/webkit-2203/pw_run.sh
    ╔═════════════════════════════════════════════════════════════════════════╗
    ║ Looks like Playwright Test or Playwright was just installed or updated. ║
    ║ Please run the following command to download new browsers:              ║
    ║                                                                         ║
    ║     npx playwright install                                              ║
    ║                                                                         ║
    ║ <3 Playwright Team                                                      ║
    ╚═════════════════════════════════════════════════════════════════════════╝
]]>
</failure>
</testcase>
<testcase name="Meeting Joining › should show validation error for invalid meeting code format" classname="meeting-joining.spec.ts" time="0.002">
<failure message="meeting-joining.spec.ts:13:3 should show validation error for invalid meeting code format" type="FAILURE">
<![CDATA[  [webkit] › meeting-joining.spec.ts:13:3 › Meeting Joining › should show validation error for invalid meeting code format 

    Error: browserType.launch: Executable doesn't exist at /home/ubuntu/.cache/ms-playwright/webkit-2203/pw_run.sh
    ╔═════════════════════════════════════════════════════════════════════════╗
    ║ Looks like Playwright Test or Playwright was just installed or updated. ║
    ║ Please run the following command to download new browsers:              ║
    ║                                                                         ║
    ║     npx playwright install                                              ║
    ║                                                                         ║
    ║ <3 Playwright Team                                                      ║
    ╚═════════════════════════════════════════════════════════════════════════╝
]]>
</failure>
</testcase>
<testcase name="Meeting Joining › should show error for non-existent meeting" classname="meeting-joining.spec.ts" time="0.004">
<failure message="meeting-joining.spec.ts:27:3 should show error for non-existent meeting" type="FAILURE">
<![CDATA[  [webkit] › meeting-joining.spec.ts:27:3 › Meeting Joining › should show error for non-existent meeting 

    Error: browserType.launch: Executable doesn't exist at /home/ubuntu/.cache/ms-playwright/webkit-2203/pw_run.sh
    ╔═════════════════════════════════════════════════════════════════════════╗
    ║ Looks like Playwright Test or Playwright was just installed or updated. ║
    ║ Please run the following command to download new browsers:              ║
    ║                                                                         ║
    ║     npx playwright install                                              ║
    ║                                                                         ║
    ║ <3 Playwright Team                                                      ║
    ╚═════════════════════════════════════════════════════════════════════════╝
]]>
</failure>
</testcase>
<testcase name="Meeting Joining › should show validation error for empty participant name" classname="meeting-joining.spec.ts" time="0.002">
<failure message="meeting-joining.spec.ts:53:3 should show validation error for empty participant name" type="FAILURE">
<![CDATA[  [webkit] › meeting-joining.spec.ts:53:3 › Meeting Joining › should show validation error for empty participant name 

    Error: browserType.launch: Executable doesn't exist at /home/ubuntu/.cache/ms-playwright/webkit-2203/pw_run.sh
    ╔═════════════════════════════════════════════════════════════════════════╗
    ║ Looks like Playwright Test or Playwright was just installed or updated. ║
    ║ Please run the following command to download new browsers:              ║
    ║                                                                         ║
    ║     npx playwright install                                              ║
    ║                                                                         ║
    ║ <3 Playwright Team                                                      ║
    ╚═════════════════════════════════════════════════════════════════════════╝
]]>
</failure>
</testcase>
<testcase name="Meeting Joining › should handle server errors gracefully" classname="meeting-joining.spec.ts" time="0.004">
<failure message="meeting-joining.spec.ts:67:3 should handle server errors gracefully" type="FAILURE">
<![CDATA[  [webkit] › meeting-joining.spec.ts:67:3 › Meeting Joining › should handle server errors gracefully 

    Error: browserType.launch: Executable doesn't exist at /home/ubuntu/.cache/ms-playwright/webkit-2203/pw_run.sh
    ╔═════════════════════════════════════════════════════════════════════════╗
    ║ Looks like Playwright Test or Playwright was just installed or updated. ║
    ║ Please run the following command to download new browsers:              ║
    ║                                                                         ║
    ║     npx playwright install                                              ║
    ║                                                                         ║
    ║ <3 Playwright Team                                                      ║
    ╚═════════════════════════════════════════════════════════════════════════╝
]]>
</failure>
</testcase>
<testcase name="Meeting Joining › should join meeting successfully with valid data" classname="meeting-joining.spec.ts" time="0.002">
<failure message="meeting-joining.spec.ts:93:3 should join meeting successfully with valid data" type="FAILURE">
<![CDATA[  [webkit] › meeting-joining.spec.ts:93:3 › Meeting Joining › should join meeting successfully with valid data 

    Error: browserType.launch: Executable doesn't exist at /home/ubuntu/.cache/ms-playwright/webkit-2203/pw_run.sh
    ╔═════════════════════════════════════════════════════════════════════════╗
    ║ Looks like Playwright Test or Playwright was just installed or updated. ║
    ║ Please run the following command to download new browsers:              ║
    ║                                                                         ║
    ║     npx playwright install                                              ║
    ║                                                                         ║
    ║ <3 Playwright Team                                                      ║
    ╚═════════════════════════════════════════════════════════════════════════╝
]]>
</failure>
</testcase>
<testcase name="Meeting Joining › should auto-fill meeting code from URL parameter" classname="meeting-joining.spec.ts" time="0.004">
<failure message="meeting-joining.spec.ts:135:3 should auto-fill meeting code from URL parameter" type="FAILURE">
<![CDATA[  [webkit] › meeting-joining.spec.ts:135:3 › Meeting Joining › should auto-fill meeting code from URL parameter 

    Error: browserType.launch: Executable doesn't exist at /home/ubuntu/.cache/ms-playwright/webkit-2203/pw_run.sh
    ╔═════════════════════════════════════════════════════════════════════════╗
    ║ Looks like Playwright Test or Playwright was just installed or updated. ║
    ║ Please run the following command to download new browsers:              ║
    ║                                                                         ║
    ║     npx playwright install                                              ║
    ║                                                                         ║
    ║ <3 Playwright Team                                                      ║
    ╚═════════════════════════════════════════════════════════════════════════╝
]]>
</failure>
</testcase>
<testcase name="Meeting Joining › should show loading state during join process" classname="meeting-joining.spec.ts" time="0.005">
<failure message="meeting-joining.spec.ts:144:3 should show loading state during join process" type="FAILURE">
<![CDATA[  [webkit] › meeting-joining.spec.ts:144:3 › Meeting Joining › should show loading state during join process 

    Error: browserType.launch: Executable doesn't exist at /home/ubuntu/.cache/ms-playwright/webkit-2203/pw_run.sh
    ╔═════════════════════════════════════════════════════════════════════════╗
    ║ Looks like Playwright Test or Playwright was just installed or updated. ║
    ║ Please run the following command to download new browsers:              ║
    ║                                                                         ║
    ║     npx playwright install                                              ║
    ║                                                                         ║
    ║ <3 Playwright Team                                                      ║
    ╚═════════════════════════════════════════════════════════════════════════╝
]]>
</failure>
</testcase>
</testsuite>
<testsuite name="meeting-workflow.spec.ts" timestamp="2025-10-06T23:04:29.967Z" hostname="webkit" tests="4" failures="4" skipped="0" time="0.011" errors="0">
<testcase name="Complete Meeting Workflow › should complete full meeting creation and joining workflow" classname="meeting-workflow.spec.ts" time="0.002">
<failure message="meeting-workflow.spec.ts:4:3 should complete full meeting creation and joining workflow" type="FAILURE">
<![CDATA[  [webkit] › meeting-workflow.spec.ts:4:3 › Complete Meeting Workflow › should complete full meeting creation and joining workflow 

    Error: browserType.launch: Executable doesn't exist at /home/ubuntu/.cache/ms-playwright/webkit-2203/pw_run.sh
    ╔═════════════════════════════════════════════════════════════════════════╗
    ║ Looks like Playwright Test or Playwright was just installed or updated. ║
    ║ Please run the following command to download new browsers:              ║
    ║                                                                         ║
    ║     npx playwright install                                              ║
    ║                                                                         ║
    ║ <3 Playwright Team                                                      ║
    ╚═════════════════════════════════════════════════════════════════════════╝
]]>
</failure>
</testcase>
<testcase name="Complete Meeting Workflow › should handle multiple participants joining the same meeting" classname="meeting-workflow.spec.ts" time="0.005">
<failure message="meeting-workflow.spec.ts:67:3 should handle multiple participants joining the same meeting" type="FAILURE">
<![CDATA[  [webkit] › meeting-workflow.spec.ts:67:3 › Complete Meeting Workflow › should handle multiple participants joining the same meeting 

    Error: browserType.launch: Executable doesn't exist at /home/ubuntu/.cache/ms-playwright/webkit-2203/pw_run.sh
    ╔═════════════════════════════════════════════════════════════════════════╗
    ║ Looks like Playwright Test or Playwright was just installed or updated. ║
    ║ Please run the following command to download new browsers:              ║
    ║                                                                         ║
    ║     npx playwright install                                              ║
    ║                                                                         ║
    ║ <3 Playwright Team                                                      ║
    ╚═════════════════════════════════════════════════════════════════════════╝
]]>
</failure>
</testcase>
<testcase name="Complete Meeting Workflow › should handle participant leaving and rejoining" classname="meeting-workflow.spec.ts" time="0.002">
<failure message="meeting-workflow.spec.ts:118:3 should handle participant leaving and rejoining" type="FAILURE">
<![CDATA[  [webkit] › meeting-workflow.spec.ts:118:3 › Complete Meeting Workflow › should handle participant leaving and rejoining 

    Error: browserType.launch: Executable doesn't exist at /home/ubuntu/.cache/ms-playwright/webkit-2203/pw_run.sh
    ╔═════════════════════════════════════════════════════════════════════════╗
    ║ Looks like Playwright Test or Playwright was just installed or updated. ║
    ║ Please run the following command to download new browsers:              ║
    ║                                                                         ║
    ║     npx playwright install                                              ║
    ║                                                                         ║
    ║ <3 Playwright Team                                                      ║
    ╚═════════════════════════════════════════════════════════════════════════╝
]]>
</failure>
</testcase>
<testcase name="Complete Meeting Workflow › should handle network interruptions gracefully" classname="meeting-workflow.spec.ts" time="0.002">
<failure message="meeting-workflow.spec.ts:173:3 should handle network interruptions gracefully" type="FAILURE">
<![CDATA[  [webkit] › meeting-workflow.spec.ts:173:3 › Complete Meeting Workflow › should handle network interruptions gracefully 

    Error: browserType.launch: Executable doesn't exist at /home/ubuntu/.cache/ms-playwright/webkit-2203/pw_run.sh
    ╔═════════════════════════════════════════════════════════════════════════╗
    ║ Looks like Playwright Test or Playwright was just installed or updated. ║
    ║ Please run the following command to download new browsers:              ║
    ║                                                                         ║
    ║     npx playwright install                                              ║
    ║                                                                         ║
    ║ <3 Playwright Team                                                      ║
    ╚═════════════════════════════════════════════════════════════════════════╝
]]>
</failure>
</testcase>
</testsuite>
<testsuite name="homepage.spec.ts" timestamp="2025-10-06T23:04:29.967Z" hostname="Mobile Chrome" tests="4" failures="4" skipped="0" time="0.008" errors="0">
<testcase name="Homepage › should load the homepage successfully" classname="homepage.spec.ts" time="0.002">
<failure message="homepage.spec.ts:4:3 should load the homepage successfully" type="FAILURE">
<![CDATA[  [Mobile Chrome] › homepage.spec.ts:4:3 › Homepage › should load the homepage successfully ────────

    Error: browserType.launch: Executable doesn't exist at /home/ubuntu/.cache/ms-playwright/chromium_headless_shell-1187/chrome-linux/headless_shell
    ╔═════════════════════════════════════════════════════════════════════════╗
    ║ Looks like Playwright Test or Playwright was just installed or updated. ║
    ║ Please run the following command to download new browsers:              ║
    ║                                                                         ║
    ║     npx playwright install                                              ║
    ║                                                                         ║
    ║ <3 Playwright Team                                                      ║
    ╚═════════════════════════════════════════════════════════════════════════╝
]]>
</failure>
</testcase>
<testcase name="Homepage › should navigate to host meeting page" classname="homepage.spec.ts" time="0.002">
<failure message="homepage.spec.ts:14:3 should navigate to host meeting page" type="FAILURE">
<![CDATA[  [Mobile Chrome] › homepage.spec.ts:14:3 › Homepage › should navigate to host meeting page ────────

    Error: browserType.launch: Executable doesn't exist at /home/ubuntu/.cache/ms-playwright/chromium_headless_shell-1187/chrome-linux/headless_shell
    ╔═════════════════════════════════════════════════════════════════════════╗
    ║ Looks like Playwright Test or Playwright was just installed or updated. ║
    ║ Please run the following command to download new browsers:              ║
    ║                                                                         ║
    ║     npx playwright install                                              ║
    ║                                                                         ║
    ║ <3 Playwright Team                                                      ║
    ╚═════════════════════════════════════════════════════════════════════════╝
]]>
</failure>
</testcase>
<testcase name="Homepage › should navigate to join meeting page" classname="homepage.spec.ts" time="0.002">
<failure message="homepage.spec.ts:25:3 should navigate to join meeting page" type="FAILURE">
<![CDATA[  [Mobile Chrome] › homepage.spec.ts:25:3 › Homepage › should navigate to join meeting page ────────

    Error: browserType.launch: Executable doesn't exist at /home/ubuntu/.cache/ms-playwright/chromium_headless_shell-1187/chrome-linux/headless_shell
    ╔═════════════════════════════════════════════════════════════════════════╗
    ║ Looks like Playwright Test or Playwright was just installed or updated. ║
    ║ Please run the following command to download new browsers:              ║
    ║                                                                         ║
    ║     npx playwright install                                              ║
    ║                                                                         ║
    ║ <3 Playwright Team                                                      ║
    ╚═════════════════════════════════════════════════════════════════════════╝
]]>
</failure>
</testcase>
<testcase name="Homepage › should be responsive on mobile" classname="homepage.spec.ts" time="0.002">
<failure message="homepage.spec.ts:36:3 should be responsive on mobile" type="FAILURE">
<![CDATA[  [Mobile Chrome] › homepage.spec.ts:36:3 › Homepage › should be responsive on mobile ──────────────

    Error: browserType.launch: Executable doesn't exist at /home/ubuntu/.cache/ms-playwright/chromium_headless_shell-1187/chrome-linux/headless_shell
    ╔═════════════════════════════════════════════════════════════════════════╗
    ║ Looks like Playwright Test or Playwright was just installed or updated. ║
    ║ Please run the following command to download new browsers:              ║
    ║                                                                         ║
    ║     npx playwright install                                              ║
    ║                                                                         ║
    ║ <3 Playwright Team                                                      ║
    ╚═════════════════════════════════════════════════════════════════════════╝
]]>
</failure>
</testcase>
</testsuite>
<testsuite name="meeting-creation.spec.ts" timestamp="2025-10-06T23:04:29.967Z" hostname="Mobile Chrome" tests="7" failures="7" skipped="0" time="0.014" errors="0">
<testcase name="Meeting Creation › should create a meeting successfully and show success page" classname="meeting-creation.spec.ts" time="0.002">
<failure message="meeting-creation.spec.ts:4:3 should create a meeting successfully and show success page" type="FAILURE">
<![CDATA[  [Mobile Chrome] › meeting-creation.spec.ts:4:3 › Meeting Creation › should create a meeting successfully and show success page 

    Error: browserType.launch: Executable doesn't exist at /home/ubuntu/.cache/ms-playwright/chromium_headless_shell-1187/chrome-linux/headless_shell
    ╔═════════════════════════════════════════════════════════════════════════╗
    ║ Looks like Playwright Test or Playwright was just installed or updated. ║
    ║ Please run the following command to download new browsers:              ║
    ║                                                                         ║
    ║     npx playwright install                                              ║
    ║                                                                         ║
    ║ <3 Playwright Team                                                      ║
    ╚═════════════════════════════════════════════════════════════════════════╝
]]>
</failure>
</testcase>
<testcase name="Meeting Creation › should show validation errors for empty fields" classname="meeting-creation.spec.ts" time="0.002">
<failure message="meeting-creation.spec.ts:37:3 should show validation errors for empty fields" type="FAILURE">
<![CDATA[  [Mobile Chrome] › meeting-creation.spec.ts:37:3 › Meeting Creation › should show validation errors for empty fields 

    Error: browserType.launch: Executable doesn't exist at /home/ubuntu/.cache/ms-playwright/chromium_headless_shell-1187/chrome-linux/headless_shell
    ╔═════════════════════════════════════════════════════════════════════════╗
    ║ Looks like Playwright Test or Playwright was just installed or updated. ║
    ║ Please run the following command to download new browsers:              ║
    ║                                                                         ║
    ║     npx playwright install                                              ║
    ║                                                                         ║
    ║ <3 Playwright Team                                                      ║
    ╚═════════════════════════════════════════════════════════════════════════╝
]]>
</failure>
</testcase>
<testcase name="Meeting Creation › should show validation errors for invalid input" classname="meeting-creation.spec.ts" time="0.002">
<failure message="meeting-creation.spec.ts:52:3 should show validation errors for invalid input" type="FAILURE">
<![CDATA[  [Mobile Chrome] › meeting-creation.spec.ts:52:3 › Meeting Creation › should show validation errors for invalid input 

    Error: browserType.launch: Executable doesn't exist at /home/ubuntu/.cache/ms-playwright/chromium_headless_shell-1187/chrome-linux/headless_shell
    ╔═════════════════════════════════════════════════════════════════════════╗
    ║ Looks like Playwright Test or Playwright was just installed or updated. ║
    ║ Please run the following command to download new browsers:              ║
    ║                                                                         ║
    ║     npx playwright install                                              ║
    ║                                                                         ║
    ║ <3 Playwright Team                                                      ║
    ╚═════════════════════════════════════════════════════════════════════════╝
]]>
</failure>
</testcase>
<testcase name="Meeting Creation › should handle server errors gracefully" classname="meeting-creation.spec.ts" time="0.002">
<failure message="meeting-creation.spec.ts:70:3 should handle server errors gracefully" type="FAILURE">
<![CDATA[  [Mobile Chrome] › meeting-creation.spec.ts:70:3 › Meeting Creation › should handle server errors gracefully 

    Error: browserType.launch: Executable doesn't exist at /home/ubuntu/.cache/ms-playwright/chromium_headless_shell-1187/chrome-linux/headless_shell
    ╔═════════════════════════════════════════════════════════════════════════╗
    ║ Looks like Playwright Test or Playwright was just installed or updated. ║
    ║ Please run the following command to download new browsers:              ║
    ║                                                                         ║
    ║     npx playwright install                                              ║
    ║                                                                         ║
    ║ <3 Playwright Team                                                      ║
    ╚═════════════════════════════════════════════════════════════════════════╝
]]>
</failure>
</testcase>
<testcase name="Meeting Creation › should copy meeting code to clipboard" classname="meeting-creation.spec.ts" time="0.002">
<failure message="meeting-creation.spec.ts:97:3 should copy meeting code to clipboard" type="FAILURE">
<![CDATA[  [Mobile Chrome] › meeting-creation.spec.ts:97:3 › Meeting Creation › should copy meeting code to clipboard 

    Error: browserType.launch: Executable doesn't exist at /home/ubuntu/.cache/ms-playwright/chromium_headless_shell-1187/chrome-linux/headless_shell
    ╔═════════════════════════════════════════════════════════════════════════╗
    ║ Looks like Playwright Test or Playwright was just installed or updated. ║
    ║ Please run the following command to download new browsers:              ║
    ║                                                                         ║
    ║     npx playwright install                                              ║
    ║                                                                         ║
    ║ <3 Playwright Team                                                      ║
    ╚═════════════════════════════════════════════════════════════════════════╝
]]>
</failure>
</testcase>
<testcase name="Meeting Creation › should copy shareable link to clipboard" classname="meeting-creation.spec.ts" time="0.002">
<failure message="meeting-creation.spec.ts:119:3 should copy shareable link to clipboard" type="FAILURE">
<![CDATA[  [Mobile Chrome] › meeting-creation.spec.ts:119:3 › Meeting Creation › should copy shareable link to clipboard 

    Error: browserType.launch: Executable doesn't exist at /home/ubuntu/.cache/ms-playwright/chromium_headless_shell-1187/chrome-linux/headless_shell
    ╔═════════════════════════════════════════════════════════════════════════╗
    ║ Looks like Playwright Test or Playwright was just installed or updated. ║
    ║ Please run the following command to download new browsers:              ║
    ║                                                                         ║
    ║     npx playwright install                                              ║
    ║                                                                         ║
    ║ <3 Playwright Team                                                      ║
    ╚═════════════════════════════════════════════════════════════════════════╝
]]>
</failure>
</testcase>
<testcase name="Meeting Creation › should navigate to facilitator view when start meeting is clicked" classname="meeting-creation.spec.ts" time="0.002">
<failure message="meeting-creation.spec.ts:141:3 should navigate to facilitator view when start meeting is clicked" type="FAILURE">
<![CDATA[  [Mobile Chrome] › meeting-creation.spec.ts:141:3 › Meeting Creation › should navigate to facilitator view when start meeting is clicked 

    Error: browserType.launch: Executable doesn't exist at /home/ubuntu/.cache/ms-playwright/chromium_headless_shell-1187/chrome-linux/headless_shell
    ╔═════════════════════════════════════════════════════════════════════════╗
    ║ Looks like Playwright Test or Playwright was just installed or updated. ║
    ║ Please run the following command to download new browsers:              ║
    ║                                                                         ║
    ║     npx playwright install                                              ║
    ║                                                                         ║
    ║ <3 Playwright Team                                                      ║
    ╚═════════════════════════════════════════════════════════════════════════╝
]]>
</failure>
</testcase>
</testsuite>
<testsuite name="meeting-joining.spec.ts" timestamp="2025-10-06T23:04:29.967Z" hostname="Mobile Chrome" tests="8" failures="8" skipped="0" time="0.016" errors="0">
<testcase name="Meeting Joining › should show join form with proper elements" classname="meeting-joining.spec.ts" time="0.002">
<failure message="meeting-joining.spec.ts:4:3 should show join form with proper elements" type="FAILURE">
<![CDATA[  [Mobile Chrome] › meeting-joining.spec.ts:4:3 › Meeting Joining › should show join form with proper elements 

    Error: browserType.launch: Executable doesn't exist at /home/ubuntu/.cache/ms-playwright/chromium_headless_shell-1187/chrome-linux/headless_shell
    ╔═════════════════════════════════════════════════════════════════════════╗
    ║ Looks like Playwright Test or Playwright was just installed or updated. ║
    ║ Please run the following command to download new browsers:              ║
    ║                                                                         ║
    ║     npx playwright install                                              ║
    ║                                                                         ║
    ║ <3 Playwright Team                                                      ║
    ╚═════════════════════════════════════════════════════════════════════════╝
]]>
</failure>
</testcase>
<testcase name="Meeting Joining › should show validation error for invalid meeting code format" classname="meeting-joining.spec.ts" time="0.002">
<failure message="meeting-joining.spec.ts:13:3 should show validation error for invalid meeting code format" type="FAILURE">
<![CDATA[  [Mobile Chrome] › meeting-joining.spec.ts:13:3 › Meeting Joining › should show validation error for invalid meeting code format 

    Error: browserType.launch: Executable doesn't exist at /home/ubuntu/.cache/ms-playwright/chromium_headless_shell-1187/chrome-linux/headless_shell
    ╔═════════════════════════════════════════════════════════════════════════╗
    ║ Looks like Playwright Test or Playwright was just installed or updated. ║
    ║ Please run the following command to download new browsers:              ║
    ║                                                                         ║
    ║     npx playwright install                                              ║
    ║                                                                         ║
    ║ <3 Playwright Team                                                      ║
    ╚═════════════════════════════════════════════════════════════════════════╝
]]>
</failure>
</testcase>
<testcase name="Meeting Joining › should show error for non-existent meeting" classname="meeting-joining.spec.ts" time="0.002">
<failure message="meeting-joining.spec.ts:27:3 should show error for non-existent meeting" type="FAILURE">
<![CDATA[  [Mobile Chrome] › meeting-joining.spec.ts:27:3 › Meeting Joining › should show error for non-existent meeting 

    Error: browserType.launch: Executable doesn't exist at /home/ubuntu/.cache/ms-playwright/chromium_headless_shell-1187/chrome-linux/headless_shell
    ╔═════════════════════════════════════════════════════════════════════════╗
    ║ Looks like Playwright Test or Playwright was just installed or updated. ║
    ║ Please run the following command to download new browsers:              ║
    ║                                                                         ║
    ║     npx playwright install                                              ║
    ║                                                                         ║
    ║ <3 Playwright Team                                                      ║
    ╚═════════════════════════════════════════════════════════════════════════╝
]]>
</failure>
</testcase>
<testcase name="Meeting Joining › should show validation error for empty participant name" classname="meeting-joining.spec.ts" time="0.002">
<failure message="meeting-joining.spec.ts:53:3 should show validation error for empty participant name" type="FAILURE">
<![CDATA[  [Mobile Chrome] › meeting-joining.spec.ts:53:3 › Meeting Joining › should show validation error for empty participant name 

    Error: browserType.launch: Executable doesn't exist at /home/ubuntu/.cache/ms-playwright/chromium_headless_shell-1187/chrome-linux/headless_shell
    ╔═════════════════════════════════════════════════════════════════════════╗
    ║ Looks like Playwright Test or Playwright was just installed or updated. ║
    ║ Please run the following command to download new browsers:              ║
    ║                                                                         ║
    ║     npx playwright install                                              ║
    ║                                                                         ║
    ║ <3 Playwright Team                                                      ║
    ╚═════════════════════════════════════════════════════════════════════════╝
]]>
</failure>
</testcase>
<testcase name="Meeting Joining › should handle server errors gracefully" classname="meeting-joining.spec.ts" time="0.002">
<failure message="meeting-joining.spec.ts:67:3 should handle server errors gracefully" type="FAILURE">
<![CDATA[  [Mobile Chrome] › meeting-joining.spec.ts:67:3 › Meeting Joining › should handle server errors gracefully 

    Error: browserType.launch: Executable doesn't exist at /home/ubuntu/.cache/ms-playwright/chromium_headless_shell-1187/chrome-linux/headless_shell
    ╔═════════════════════════════════════════════════════════════════════════╗
    ║ Looks like Playwright Test or Playwright was just installed or updated. ║
    ║ Please run the following command to download new browsers:              ║
    ║                                                                         ║
    ║     npx playwright install                                              ║
    ║                                                                         ║
    ║ <3 Playwright Team                                                      ║
    ╚═════════════════════════════════════════════════════════════════════════╝
]]>
</failure>
</testcase>
<testcase name="Meeting Joining › should join meeting successfully with valid data" classname="meeting-joining.spec.ts" time="0.002">
<failure message="meeting-joining.spec.ts:93:3 should join meeting successfully with valid data" type="FAILURE">
<![CDATA[  [Mobile Chrome] › meeting-joining.spec.ts:93:3 › Meeting Joining › should join meeting successfully with valid data 

    Error: browserType.launch: Executable doesn't exist at /home/ubuntu/.cache/ms-playwright/chromium_headless_shell-1187/chrome-linux/headless_shell
    ╔═════════════════════════════════════════════════════════════════════════╗
    ║ Looks like Playwright Test or Playwright was just installed or updated. ║
    ║ Please run the following command to download new browsers:              ║
    ║                                                                         ║
    ║     npx playwright install                                              ║
    ║                                                                         ║
    ║ <3 Playwright Team                                                      ║
    ╚═════════════════════════════════════════════════════════════════════════╝
]]>
</failure>
</testcase>
<testcase name="Meeting Joining › should auto-fill meeting code from URL parameter" classname="meeting-joining.spec.ts" time="0.002">
<failure message="meeting-joining.spec.ts:135:3 should auto-fill meeting code from URL parameter" type="FAILURE">
<![CDATA[  [Mobile Chrome] › meeting-joining.spec.ts:135:3 › Meeting Joining › should auto-fill meeting code from URL parameter 

    Error: browserType.launch: Executable doesn't exist at /home/ubuntu/.cache/ms-playwright/chromium_headless_shell-1187/chrome-linux/headless_shell
    ╔═════════════════════════════════════════════════════════════════════════╗
    ║ Looks like Playwright Test or Playwright was just installed or updated. ║
    ║ Please run the following command to download new browsers:              ║
    ║                                                                         ║
    ║     npx playwright install                                              ║
    ║                                                                         ║
    ║ <3 Playwright Team                                                      ║
    ╚═════════════════════════════════════════════════════════════════════════╝
]]>
</failure>
</testcase>
<testcase name="Meeting Joining › should show loading state during join process" classname="meeting-joining.spec.ts" time="0.002">
<failure message="meeting-joining.spec.ts:144:3 should show loading state during join process" type="FAILURE">
<![CDATA[  [Mobile Chrome] › meeting-joining.spec.ts:144:3 › Meeting Joining › should show loading state during join process 

    Error: browserType.launch: Executable doesn't exist at /home/ubuntu/.cache/ms-playwright/chromium_headless_shell-1187/chrome-linux/headless_shell
    ╔═════════════════════════════════════════════════════════════════════════╗
    ║ Looks like Playwright Test or Playwright was just installed or updated. ║
    ║ Please run the following command to download new browsers:              ║
    ║                                                                         ║
    ║     npx playwright install                                              ║
    ║                                                                         ║
    ║ <3 Playwright Team                                                      ║
    ╚═════════════════════════════════════════════════════════════════════════╝
]]>
</failure>
</testcase>
</testsuite>
<testsuite name="meeting-workflow.spec.ts" timestamp="2025-10-06T23:04:29.967Z" hostname="Mobile Chrome" tests="4" failures="4" skipped="0" time="0.008" errors="0">
<testcase name="Complete Meeting Workflow › should complete full meeting creation and joining workflow" classname="meeting-workflow.spec.ts" time="0.002">
<failure message="meeting-workflow.spec.ts:4:3 should complete full meeting creation and joining workflow" type="FAILURE">
<![CDATA[  [Mobile Chrome] › meeting-workflow.spec.ts:4:3 › Complete Meeting Workflow › should complete full meeting creation and joining workflow 

    Error: browserType.launch: Executable doesn't exist at /home/ubuntu/.cache/ms-playwright/chromium_headless_shell-1187/chrome-linux/headless_shell
    ╔═════════════════════════════════════════════════════════════════════════╗
    ║ Looks like Playwright Test or Playwright was just installed or updated. ║
    ║ Please run the following command to download new browsers:              ║
    ║                                                                         ║
    ║     npx playwright install                                              ║
    ║                                                                         ║
    ║ <3 Playwright Team                                                      ║
    ╚═════════════════════════════════════════════════════════════════════════╝
]]>
</failure>
</testcase>
<testcase name="Complete Meeting Workflow › should handle multiple participants joining the same meeting" classname="meeting-workflow.spec.ts" time="0.002">
<failure message="meeting-workflow.spec.ts:67:3 should handle multiple participants joining the same meeting" type="FAILURE">
<![CDATA[  [Mobile Chrome] › meeting-workflow.spec.ts:67:3 › Complete Meeting Workflow › should handle multiple participants joining the same meeting 

    Error: browserType.launch: Executable doesn't exist at /home/ubuntu/.cache/ms-playwright/chromium_headless_shell-1187/chrome-linux/headless_shell
    ╔═════════════════════════════════════════════════════════════════════════╗
    ║ Looks like Playwright Test or Playwright was just installed or updated. ║
    ║ Please run the following command to download new browsers:              ║
    ║                                                                         ║
    ║     npx playwright install                                              ║
    ║                                                                         ║
    ║ <3 Playwright Team                                                      ║
    ╚═════════════════════════════════════════════════════════════════════════╝
]]>
</failure>
</testcase>
<testcase name="Complete Meeting Workflow › should handle participant leaving and rejoining" classname="meeting-workflow.spec.ts" time="0.002">
<failure message="meeting-workflow.spec.ts:118:3 should handle participant leaving and rejoining" type="FAILURE">
<![CDATA[  [Mobile Chrome] › meeting-workflow.spec.ts:118:3 › Complete Meeting Workflow › should handle participant leaving and rejoining 

    Error: browserType.launch: Executable doesn't exist at /home/ubuntu/.cache/ms-playwright/chromium_headless_shell-1187/chrome-linux/headless_shell
    ╔═════════════════════════════════════════════════════════════════════════╗
    ║ Looks like Playwright Test or Playwright was just installed or updated. ║
    ║ Please run the following command to download new browsers:              ║
    ║                                                                         ║
    ║     npx playwright install                                              ║
    ║                                                                         ║
    ║ <3 Playwright Team                                                      ║
    ╚═════════════════════════════════════════════════════════════════════════╝
]]>
</failure>
</testcase>
<testcase name="Complete Meeting Workflow › should handle network interruptions gracefully" classname="meeting-workflow.spec.ts" time="0.002">
<failure message="meeting-workflow.spec.ts:173:3 should handle network interruptions gracefully" type="FAILURE">
<![CDATA[  [Mobile Chrome] › meeting-workflow.spec.ts:173:3 › Complete Meeting Workflow › should handle network interruptions gracefully 

    Error: browserType.launch: Executable doesn't exist at /home/ubuntu/.cache/ms-playwright/chromium_headless_shell-1187/chrome-linux/headless_shell
    ╔═════════════════════════════════════════════════════════════════════════╗
    ║ Looks like Playwright Test or Playwright was just installed or updated. ║
    ║ Please run the following command to download new browsers:              ║
    ║                                                                         ║
    ║     npx playwright install                                              ║
    ║                                                                         ║
    ║ <3 Playwright Team                                                      ║
    ╚═════════════════════════════════════════════════════════════════════════╝
]]>
</failure>
</testcase>
</testsuite>
<testsuite name="homepage.spec.ts" timestamp="2025-10-06T23:04:29.967Z" hostname="Mobile Safari" tests="4" failures="4" skipped="0" time="0.009" errors="0">
<testcase name="Homepage › should load the homepage successfully" classname="homepage.spec.ts" time="0.003">
<failure message="homepage.spec.ts:4:3 should load the homepage successfully" type="FAILURE">
<![CDATA[  [Mobile Safari] › homepage.spec.ts:4:3 › Homepage › should load the homepage successfully ────────

    Error: browserType.launch: Executable doesn't exist at /home/ubuntu/.cache/ms-playwright/webkit-2203/pw_run.sh
    ╔═════════════════════════════════════════════════════════════════════════╗
    ║ Looks like Playwright Test or Playwright was just installed or updated. ║
    ║ Please run the following command to download new browsers:              ║
    ║                                                                         ║
    ║     npx playwright install                                              ║
    ║                                                                         ║
    ║ <3 Playwright Team                                                      ║
    ╚═════════════════════════════════════════════════════════════════════════╝
]]>
</failure>
</testcase>
<testcase name="Homepage › should navigate to host meeting page" classname="homepage.spec.ts" time="0.002">
<failure message="homepage.spec.ts:14:3 should navigate to host meeting page" type="FAILURE">
<![CDATA[  [Mobile Safari] › homepage.spec.ts:14:3 › Homepage › should navigate to host meeting page ────────

    Error: browserType.launch: Executable doesn't exist at /home/ubuntu/.cache/ms-playwright/webkit-2203/pw_run.sh
    ╔═════════════════════════════════════════════════════════════════════════╗
    ║ Looks like Playwright Test or Playwright was just installed or updated. ║
    ║ Please run the following command to download new browsers:              ║
    ║                                                                         ║
    ║     npx playwright install                                              ║
    ║                                                                         ║
    ║ <3 Playwright Team                                                      ║
    ╚═════════════════════════════════════════════════════════════════════════╝
]]>
</failure>
</testcase>
<testcase name="Homepage › should navigate to join meeting page" classname="homepage.spec.ts" time="0.002">
<failure message="homepage.spec.ts:25:3 should navigate to join meeting page" type="FAILURE">
<![CDATA[  [Mobile Safari] › homepage.spec.ts:25:3 › Homepage › should navigate to join meeting page ────────

    Error: browserType.launch: Executable doesn't exist at /home/ubuntu/.cache/ms-playwright/webkit-2203/pw_run.sh
    ╔═════════════════════════════════════════════════════════════════════════╗
    ║ Looks like Playwright Test or Playwright was just installed or updated. ║
    ║ Please run the following command to download new browsers:              ║
    ║                                                                         ║
    ║     npx playwright install                                              ║
    ║                                                                         ║
    ║ <3 Playwright Team                                                      ║
    ╚═════════════════════════════════════════════════════════════════════════╝
]]>
</failure>
</testcase>
<testcase name="Homepage › should be responsive on mobile" classname="homepage.spec.ts" time="0.002">
<failure message="homepage.spec.ts:36:3 should be responsive on mobile" type="FAILURE">
<![CDATA[  [Mobile Safari] › homepage.spec.ts:36:3 › Homepage › should be responsive on mobile ──────────────

    Error: browserType.launch: Executable doesn't exist at /home/ubuntu/.cache/ms-playwright/webkit-2203/pw_run.sh
    ╔═════════════════════════════════════════════════════════════════════════╗
    ║ Looks like Playwright Test or Playwright was just installed or updated. ║
    ║ Please run the following command to download new browsers:              ║
    ║                                                                         ║
    ║     npx playwright install                                              ║
    ║                                                                         ║
    ║ <3 Playwright Team                                                      ║
    ╚═════════════════════════════════════════════════════════════════════════╝
]]>
</failure>
</testcase>
</testsuite>
<testsuite name="meeting-creation.spec.ts" timestamp="2025-10-06T23:04:29.967Z" hostname="Mobile Safari" tests="7" failures="7" skipped="0" time="0.014" errors="0">
<testcase name="Meeting Creation › should create a meeting successfully and show success page" classname="meeting-creation.spec.ts" time="0.002">
<failure message="meeting-creation.spec.ts:4:3 should create a meeting successfully and show success page" type="FAILURE">
<![CDATA[  [Mobile Safari] › meeting-creation.spec.ts:4:3 › Meeting Creation › should create a meeting successfully and show success page 

    Error: browserType.launch: Executable doesn't exist at /home/ubuntu/.cache/ms-playwright/webkit-2203/pw_run.sh
    ╔═════════════════════════════════════════════════════════════════════════╗
    ║ Looks like Playwright Test or Playwright was just installed or updated. ║
    ║ Please run the following command to download new browsers:              ║
    ║                                                                         ║
    ║     npx playwright install                                              ║
    ║                                                                         ║
    ║ <3 Playwright Team                                                      ║
    ╚═════════════════════════════════════════════════════════════════════════╝
]]>
</failure>
</testcase>
<testcase name="Meeting Creation › should show validation errors for empty fields" classname="meeting-creation.spec.ts" time="0.002">
<failure message="meeting-creation.spec.ts:37:3 should show validation errors for empty fields" type="FAILURE">
<![CDATA[  [Mobile Safari] › meeting-creation.spec.ts:37:3 › Meeting Creation › should show validation errors for empty fields 

    Error: browserType.launch: Executable doesn't exist at /home/ubuntu/.cache/ms-playwright/webkit-2203/pw_run.sh
    ╔═════════════════════════════════════════════════════════════════════════╗
    ║ Looks like Playwright Test or Playwright was just installed or updated. ║
    ║ Please run the following command to download new browsers:              ║
    ║                                                                         ║
    ║     npx playwright install                                              ║
    ║                                                                         ║
    ║ <3 Playwright Team                                                      ║
    ╚═════════════════════════════════════════════════════════════════════════╝
]]>
</failure>
</testcase>
<testcase name="Meeting Creation › should show validation errors for invalid input" classname="meeting-creation.spec.ts" time="0.002">
<failure message="meeting-creation.spec.ts:52:3 should show validation errors for invalid input" type="FAILURE">
<![CDATA[  [Mobile Safari] › meeting-creation.spec.ts:52:3 › Meeting Creation › should show validation errors for invalid input 

    Error: browserType.launch: Executable doesn't exist at /home/ubuntu/.cache/ms-playwright/webkit-2203/pw_run.sh
    ╔═════════════════════════════════════════════════════════════════════════╗
    ║ Looks like Playwright Test or Playwright was just installed or updated. ║
    ║ Please run the following command to download new browsers:              ║
    ║                                                                         ║
    ║     npx playwright install                                              ║
    ║                                                                         ║
    ║ <3 Playwright Team                                                      ║
    ╚═════════════════════════════════════════════════════════════════════════╝
]]>
</failure>
</testcase>
<testcase name="Meeting Creation › should handle server errors gracefully" classname="meeting-creation.spec.ts" time="0.002">
<failure message="meeting-creation.spec.ts:70:3 should handle server errors gracefully" type="FAILURE">
<![CDATA[  [Mobile Safari] › meeting-creation.spec.ts:70:3 › Meeting Creation › should handle server errors gracefully 

    Error: browserType.launch: Executable doesn't exist at /home/ubuntu/.cache/ms-playwright/webkit-2203/pw_run.sh
    ╔═════════════════════════════════════════════════════════════════════════╗
    ║ Looks like Playwright Test or Playwright was just installed or updated. ║
    ║ Please run the following command to download new browsers:              ║
    ║                                                                         ║
    ║     npx playwright install                                              ║
    ║                                                                         ║
    ║ <3 Playwright Team                                                      ║
    ╚═════════════════════════════════════════════════════════════════════════╝
]]>
</failure>
</testcase>
<testcase name="Meeting Creation › should copy meeting code to clipboard" classname="meeting-creation.spec.ts" time="0.002">
<failure message="meeting-creation.spec.ts:97:3 should copy meeting code to clipboard" type="FAILURE">
<![CDATA[  [Mobile Safari] › meeting-creation.spec.ts:97:3 › Meeting Creation › should copy meeting code to clipboard 

    Error: browserType.launch: Executable doesn't exist at /home/ubuntu/.cache/ms-playwright/webkit-2203/pw_run.sh
    ╔═════════════════════════════════════════════════════════════════════════╗
    ║ Looks like Playwright Test or Playwright was just installed or updated. ║
    ║ Please run the following command to download new browsers:              ║
    ║                                                                         ║
    ║     npx playwright install                                              ║
    ║                                                                         ║
    ║ <3 Playwright Team                                                      ║
    ╚═════════════════════════════════════════════════════════════════════════╝
]]>
</failure>
</testcase>
<testcase name="Meeting Creation › should copy shareable link to clipboard" classname="meeting-creation.spec.ts" time="0.002">
<failure message="meeting-creation.spec.ts:119:3 should copy shareable link to clipboard" type="FAILURE">
<![CDATA[  [Mobile Safari] › meeting-creation.spec.ts:119:3 › Meeting Creation › should copy shareable link to clipboard 

    Error: browserType.launch: Executable doesn't exist at /home/ubuntu/.cache/ms-playwright/webkit-2203/pw_run.sh
    ╔═════════════════════════════════════════════════════════════════════════╗
    ║ Looks like Playwright Test or Playwright was just installed or updated. ║
    ║ Please run the following command to download new browsers:              ║
    ║                                                                         ║
    ║     npx playwright install                                              ║
    ║                                                                         ║
    ║ <3 Playwright Team                                                      ║
    ╚═════════════════════════════════════════════════════════════════════════╝
]]>
</failure>
</testcase>
<testcase name="Meeting Creation › should navigate to facilitator view when start meeting is clicked" classname="meeting-creation.spec.ts" time="0.002">
<failure message="meeting-creation.spec.ts:141:3 should navigate to facilitator view when start meeting is clicked" type="FAILURE">
<![CDATA[  [Mobile Safari] › meeting-creation.spec.ts:141:3 › Meeting Creation › should navigate to facilitator view when start meeting is clicked 

    Error: browserType.launch: Executable doesn't exist at /home/ubuntu/.cache/ms-playwright/webkit-2203/pw_run.sh
    ╔═════════════════════════════════════════════════════════════════════════╗
    ║ Looks like Playwright Test or Playwright was just installed or updated. ║
    ║ Please run the following command to download new browsers:              ║
    ║                                                                         ║
    ║     npx playwright install                                              ║
    ║                                                                         ║
    ║ <3 Playwright Team                                                      ║
    ╚═════════════════════════════════════════════════════════════════════════╝
]]>
</failure>
</testcase>
</testsuite>
<testsuite name="meeting-joining.spec.ts" timestamp="2025-10-06T23:04:29.967Z" hostname="Mobile Safari" tests="8" failures="8" skipped="0" time="0.016" errors="0">
<testcase name="Meeting Joining › should show join form with proper elements" classname="meeting-joining.spec.ts" time="0.002">
<failure message="meeting-joining.spec.ts:4:3 should show join form with proper elements" type="FAILURE">
<![CDATA[  [Mobile Safari] › meeting-joining.spec.ts:4:3 › Meeting Joining › should show join form with proper elements 

    Error: browserType.launch: Executable doesn't exist at /home/ubuntu/.cache/ms-playwright/webkit-2203/pw_run.sh
    ╔═════════════════════════════════════════════════════════════════════════╗
    ║ Looks like Playwright Test or Playwright was just installed or updated. ║
    ║ Please run the following command to download new browsers:              ║
    ║                                                                         ║
    ║     npx playwright install                                              ║
    ║                                                                         ║
    ║ <3 Playwright Team                                                      ║
    ╚═════════════════════════════════════════════════════════════════════════╝
]]>
</failure>
</testcase>
<testcase name="Meeting Joining › should show validation error for invalid meeting code format" classname="meeting-joining.spec.ts" time="0.002">
<failure message="meeting-joining.spec.ts:13:3 should show validation error for invalid meeting code format" type="FAILURE">
<![CDATA[  [Mobile Safari] › meeting-joining.spec.ts:13:3 › Meeting Joining › should show validation error for invalid meeting code format 

    Error: browserType.launch: Executable doesn't exist at /home/ubuntu/.cache/ms-playwright/webkit-2203/pw_run.sh
    ╔═════════════════════════════════════════════════════════════════════════╗
    ║ Looks like Playwright Test or Playwright was just installed or updated. ║
    ║ Please run the following command to download new browsers:              ║
    ║                                                                         ║
    ║     npx playwright install                                              ║
    ║                                                                         ║
    ║ <3 Playwright Team                                                      ║
    ╚═════════════════════════════════════════════════════════════════════════╝
]]>
</failure>
</testcase>
<testcase name="Meeting Joining › should show error for non-existent meeting" classname="meeting-joining.spec.ts" time="0.002">
<failure message="meeting-joining.spec.ts:27:3 should show error for non-existent meeting" type="FAILURE">
<![CDATA[  [Mobile Safari] › meeting-joining.spec.ts:27:3 › Meeting Joining › should show error for non-existent meeting 

    Error: browserType.launch: Executable doesn't exist at /home/ubuntu/.cache/ms-playwright/webkit-2203/pw_run.sh
    ╔═════════════════════════════════════════════════════════════════════════╗
    ║ Looks like Playwright Test or Playwright was just installed or updated. ║
    ║ Please run the following command to download new browsers:              ║
    ║                                                                         ║
    ║     npx playwright install                                              ║
    ║                                                                         ║
    ║ <3 Playwright Team                                                      ║
    ╚═════════════════════════════════════════════════════════════════════════╝
]]>
</failure>
</testcase>
<testcase name="Meeting Joining › should show validation error for empty participant name" classname="meeting-joining.spec.ts" time="0.002">
<failure message="meeting-joining.spec.ts:53:3 should show validation error for empty participant name" type="FAILURE">
<![CDATA[  [Mobile Safari] › meeting-joining.spec.ts:53:3 › Meeting Joining › should show validation error for empty participant name 

    Error: browserType.launch: Executable doesn't exist at /home/ubuntu/.cache/ms-playwright/webkit-2203/pw_run.sh
    ╔═════════════════════════════════════════════════════════════════════════╗
    ║ Looks like Playwright Test or Playwright was just installed or updated. ║
    ║ Please run the following command to download new browsers:              ║
    ║                                                                         ║
    ║     npx playwright install                                              ║
    ║                                                                         ║
    ║ <3 Playwright Team                                                      ║
    ╚═════════════════════════════════════════════════════════════════════════╝
]]>
</failure>
</testcase>
<testcase name="Meeting Joining › should handle server errors gracefully" classname="meeting-joining.spec.ts" time="0.002">
<failure message="meeting-joining.spec.ts:67:3 should handle server errors gracefully" type="FAILURE">
<![CDATA[  [Mobile Safari] › meeting-joining.spec.ts:67:3 › Meeting Joining › should handle server errors gracefully 

    Error: browserType.launch: Executable doesn't exist at /home/ubuntu/.cache/ms-playwright/webkit-2203/pw_run.sh
    ╔═════════════════════════════════════════════════════════════════════════╗
    ║ Looks like Playwright Test or Playwright was just installed or updated. ║
    ║ Please run the following command to download new browsers:              ║
    ║                                                                         ║
    ║     npx playwright install                                              ║
    ║                                                                         ║
    ║ <3 Playwright Team                                                      ║
    ╚═════════════════════════════════════════════════════════════════════════╝
]]>
</failure>
</testcase>
<testcase name="Meeting Joining › should join meeting successfully with valid data" classname="meeting-joining.spec.ts" time="0.002">
<failure message="meeting-joining.spec.ts:93:3 should join meeting successfully with valid data" type="FAILURE">
<![CDATA[  [Mobile Safari] › meeting-joining.spec.ts:93:3 › Meeting Joining › should join meeting successfully with valid data 

    Error: browserType.launch: Executable doesn't exist at /home/ubuntu/.cache/ms-playwright/webkit-2203/pw_run.sh
    ╔═════════════════════════════════════════════════════════════════════════╗
    ║ Looks like Playwright Test or Playwright was just installed or updated. ║
    ║ Please run the following command to download new browsers:              ║
    ║                                                                         ║
    ║     npx playwright install                                              ║
    ║                                                                         ║
    ║ <3 Playwright Team                                                      ║
    ╚═════════════════════════════════════════════════════════════════════════╝
]]>
</failure>
</testcase>
<testcase name="Meeting Joining › should auto-fill meeting code from URL parameter" classname="meeting-joining.spec.ts" time="0.002">
<failure message="meeting-joining.spec.ts:135:3 should auto-fill meeting code from URL parameter" type="FAILURE">
<![CDATA[  [Mobile Safari] › meeting-joining.spec.ts:135:3 › Meeting Joining › should auto-fill meeting code from URL parameter 

    Error: browserType.launch: Executable doesn't exist at /home/ubuntu/.cache/ms-playwright/webkit-2203/pw_run.sh
    ╔═════════════════════════════════════════════════════════════════════════╗
    ║ Looks like Playwright Test or Playwright was just installed or updated. ║
    ║ Please run the following command to download new browsers:              ║
    ║                                                                         ║
    ║     npx playwright install                                              ║
    ║                                                                         ║
    ║ <3 Playwright Team                                                      ║
    ╚═════════════════════════════════════════════════════════════════════════╝
]]>
</failure>
</testcase>
<testcase name="Meeting Joining › should show loading state during join process" classname="meeting-joining.spec.ts" time="0.002">
<failure message="meeting-joining.spec.ts:144:3 should show loading state during join process" type="FAILURE">
<![CDATA[  [Mobile Safari] › meeting-joining.spec.ts:144:3 › Meeting Joining › should show loading state during join process 

    Error: browserType.launch: Executable doesn't exist at /home/ubuntu/.cache/ms-playwright/webkit-2203/pw_run.sh
    ╔═════════════════════════════════════════════════════════════════════════╗
    ║ Looks like Playwright Test or Playwright was just installed or updated. ║
    ║ Please run the following command to download new browsers:              ║
    ║                                                                         ║
    ║     npx playwright install                                              ║
    ║                                                                         ║
    ║ <3 Playwright Team                                                      ║
    ╚═════════════════════════════════════════════════════════════════════════╝
]]>
</failure>
</testcase>
</testsuite>
<testsuite name="meeting-workflow.spec.ts" timestamp="2025-10-06T23:04:29.967Z" hostname="Mobile Safari" tests="4" failures="4" skipped="0" time="0.01" errors="0">
<testcase name="Complete Meeting Workflow › should complete full meeting creation and joining workflow" classname="meeting-workflow.spec.ts" time="0.002">
<failure message="meeting-workflow.spec.ts:4:3 should complete full meeting creation and joining workflow" type="FAILURE">
<![CDATA[  [Mobile Safari] › meeting-workflow.spec.ts:4:3 › Complete Meeting Workflow › should complete full meeting creation and joining workflow 

    Error: browserType.launch: Executable doesn't exist at /home/ubuntu/.cache/ms-playwright/webkit-2203/pw_run.sh
    ╔═════════════════════════════════════════════════════════════════════════╗
    ║ Looks like Playwright Test or Playwright was just installed or updated. ║
    ║ Please run the following command to download new browsers:              ║
    ║                                                                         ║
    ║     npx playwright install                                              ║
    ║                                                                         ║
    ║ <3 Playwright Team                                                      ║
    ╚═════════════════════════════════════════════════════════════════════════╝
]]>
</failure>
</testcase>
<testcase name="Complete Meeting Workflow › should handle multiple participants joining the same meeting" classname="meeting-workflow.spec.ts" time="0.004">
<failure message="meeting-workflow.spec.ts:67:3 should handle multiple participants joining the same meeting" type="FAILURE">
<![CDATA[  [Mobile Safari] › meeting-workflow.spec.ts:67:3 › Complete Meeting Workflow › should handle multiple participants joining the same meeting 

    Error: browserType.launch: Executable doesn't exist at /home/ubuntu/.cache/ms-playwright/webkit-2203/pw_run.sh
    ╔═════════════════════════════════════════════════════════════════════════╗
    ║ Looks like Playwright Test or Playwright was just installed or updated. ║
    ║ Please run the following command to download new browsers:              ║
    ║                                                                         ║
    ║     npx playwright install                                              ║
    ║                                                                         ║
    ║ <3 Playwright Team                                                      ║
    ╚═════════════════════════════════════════════════════════════════════════╝
]]>
</failure>
</testcase>
<testcase name="Complete Meeting Workflow › should handle participant leaving and rejoining" classname="meeting-workflow.spec.ts" time="0.002">
<failure message="meeting-workflow.spec.ts:118:3 should handle participant leaving and rejoining" type="FAILURE">
<![CDATA[  [Mobile Safari] › meeting-workflow.spec.ts:118:3 › Complete Meeting Workflow › should handle participant leaving and rejoining 

    Error: browserType.launch: Executable doesn't exist at /home/ubuntu/.cache/ms-playwright/webkit-2203/pw_run.sh
    ╔═════════════════════════════════════════════════════════════════════════╗
    ║ Looks like Playwright Test or Playwright was just installed or updated. ║
    ║ Please run the following command to download new browsers:              ║
    ║                                                                         ║
    ║     npx playwright install                                              ║
    ║                                                                         ║
    ║ <3 Playwright Team                                                      ║
    ╚═════════════════════════════════════════════════════════════════════════╝
]]>
</failure>
</testcase>
<testcase name="Complete Meeting Workflow › should handle network interruptions gracefully" classname="meeting-workflow.spec.ts" time="0.002">
<failure message="meeting-workflow.spec.ts:173:3 should handle network interruptions gracefully" type="FAILURE">
<![CDATA[  [Mobile Safari] › meeting-workflow.spec.ts:173:3 › Complete Meeting Workflow › should handle network interruptions gracefully 

    Error: browserType.launch: Executable doesn't exist at /home/ubuntu/.cache/ms-playwright/webkit-2203/pw_run.sh
    ╔═════════════════════════════════════════════════════════════════════════╗
    ║ Looks like Playwright Test or Playwright was just installed or updated. ║
    ║ Please run the following command to download new browsers:              ║
    ║                                                                         ║
    ║     npx playwright install                                              ║
    ║                                                                         ║
    ║ <3 Playwright Team                                                      ║
    ╚═════════════════════════════════════════════════════════════════════════╝
]]>
</failure>
</testcase>
</testsuite>
</testsuites>